../Drivers/STM32L5xx_HAL_Driver/Inc/stm32l5xx_ll_bus.h:433:22:LL_AHB2_GRP1_EnableClock	1
../Drivers/STM32L5xx_HAL_Driver/Inc/stm32l5xx_ll_bus.h:914:22:LL_APB1_GRP2_EnableClock	1
../Core/Src/main.c:87:5:main	2
../Core/Src/main.c:161:6:SystemClock_Config	4
../Core/Src/main.c:220:13:MX_ADC1_Init	4
../Core/Src/main.c:287:13:MX_ICACHE_Init	3
../Core/Src/main.c:319:13:MX_LPUART1_UART_Init	5
../Core/Src/main.c:367:13:MX_RTC_Init	3
../Core/Src/main.c:414:13:MX_UCPD1_Init	1
../Core/Src/main.c:456:13:MX_USB_PCD_Init	2
../Core/Src/main.c:489:13:MX_GPIO_Init	1
../Core/Src/main.c:550:6:Error_Handler	1
