../Drivers/STM32L5xx_HAL_Driver/Inc/stm32l5xx_ll_bus.h:433:22:LL_AHB2_GRP1_EnableClock	24	static
../Drivers/STM32L5xx_HAL_Driver/Inc/stm32l5xx_ll_bus.h:914:22:LL_APB1_GRP2_EnableClock	24	static
../Core/Src/main.c:90:5:main	208	static
../Core/Src/main.c:175:6:SystemClock_Config	104	static
../Core/Src/main.c:234:13:MX_ADC1_Init	48	static
../Core/Src/main.c:301:13:MX_ICACHE_Init	8	static
../Core/Src/main.c:333:13:MX_LPUART1_UART_Init	8	static
../Core/Src/main.c:381:13:MX_RTC_Init	32	static
../Core/Src/main.c:428:13:MX_UCPD1_Init	32	static
../Core/Src/main.c:470:13:MX_USB_PCD_Init	8	static
../Core/Src/main.c:503:13:MX_GPIO_Init	48	static
../Core/Src/main.c:564:6:Error_Handler	4	static,ignoring_inline_asm
