../Drivers/STM32L5xx_HAL_Driver/Inc/stm32l5xx_ll_bus.h:433:22:LL_AHB2_GRP1_EnableClock	1
../Drivers/STM32L5xx_HAL_Driver/Inc/stm32l5xx_ll_bus.h:914:22:LL_APB1_GRP2_EnableClock	1
../Core/Src/main.c:81:5:main	1
../Core/Src/main.c:153:6:SystemClock_Config	4
../Core/Src/main.c:212:13:MX_ADC1_Init	4
../Core/Src/main.c:279:13:MX_ICACHE_Init	3
../Core/Src/main.c:311:13:MX_LPUART1_UART_Init	5
../Core/Src/main.c:359:13:MX_RTC_Init	3
../Core/Src/main.c:406:13:MX_UCPD1_Init	1
../Core/Src/main.c:448:13:MX_USB_PCD_Init	2
../Core/Src/main.c:481:13:MX_GPIO_Init	1
../Core/Src/main.c:548:6:Error_Handler	1
