../Drivers/STM32L5xx_HAL_Driver/Inc/stm32l5xx_ll_bus.h:433:22:LL_AHB2_GRP1_EnableClock	1
../Drivers/STM32L5xx_HAL_Driver/Inc/stm32l5xx_ll_bus.h:914:22:LL_APB1_GRP2_EnableClock	1
../Core/Src/main.c:93:5:ConvertToMorseCode	27
../Core/Src/main.c:296:6:dot	1
../Core/Src/main.c:312:6:dash	1
../Core/Src/main.c:332:5:main	1
../Core/Src/main.c:392:6:SystemClock_Config	4
../Core/Src/main.c:451:13:MX_ADC1_Init	4
../Core/Src/main.c:518:13:MX_ICACHE_Init	3
../Core/Src/main.c:550:13:MX_LPUART1_UART_Init	5
../Core/Src/main.c:598:13:MX_USART3_UART_Init	5
../Core/Src/main.c:646:13:MX_RTC_Init	3
../Core/Src/main.c:693:13:MX_UCPD1_Init	1
../Core/Src/main.c:735:13:MX_USB_PCD_Init	2
../Core/Src/main.c:768:13:MX_GPIO_Init	1
../Core/Src/main.c:825:6:HAL_UART_RxCpltCallback	6
../Core/Src/main.c:889:6:Error_Handler	1
