../Drivers/STM32L5xx_HAL_Driver/Inc/stm32l5xx_ll_bus.h:433:22:LL_AHB2_GRP1_EnableClock	24	static
../Drivers/STM32L5xx_HAL_Driver/Inc/stm32l5xx_ll_bus.h:914:22:LL_APB1_GRP2_EnableClock	24	static
../Core/Src/main.c:186:6:Display_Character	40	static
../Core/Src/main.c:267:6:dot	16	static
../Core/Src/main.c:297:6:space	16	static
../Core/Src/main.c:324:6:dash	16	static
../Core/Src/main.c:344:5:main	16	static
../Core/Src/main.c:471:6:SystemClock_Config	104	static
../Core/Src/main.c:530:13:MX_ADC1_Init	48	static
../Core/Src/main.c:597:13:MX_ICACHE_Init	8	static
../Core/Src/main.c:629:13:MX_LPUART1_UART_Init	8	static
../Core/Src/main.c:677:13:MX_USART2_UART_Init	8	static
../Core/Src/main.c:725:13:MX_USART3_UART_Init	8	static
../Core/Src/main.c:773:13:MX_RTC_Init	32	static
../Core/Src/main.c:820:13:MX_UCPD1_Init	32	static
../Core/Src/main.c:862:13:MX_USB_PCD_Init	8	static
../Core/Src/main.c:895:13:MX_GPIO_Init	48	static
../Core/Src/main.c:968:6:HAL_UART_RxCpltCallback	24	static
../Core/Src/main.c:1059:6:Error_Handler	4	static,ignoring_inline_asm
