../Drivers/STM32L5xx_HAL_Driver/Inc/stm32l5xx_ll_bus.h:433:22:LL_AHB2_GRP1_EnableClock	24	static
../Drivers/STM32L5xx_HAL_Driver/Inc/stm32l5xx_ll_bus.h:914:22:LL_APB1_GRP2_EnableClock	24	static
../Core/Src/main.c:87:5:main	8	static
../Core/Src/main.c:157:6:SystemClock_Config	104	static
../Core/Src/main.c:216:13:MX_ADC1_Init	48	static
../Core/Src/main.c:283:13:MX_ICACHE_Init	8	static
../Core/Src/main.c:315:13:MX_LPUART1_UART_Init	8	static
../Core/Src/main.c:363:13:MX_RTC_Init	32	static
../Core/Src/main.c:410:13:MX_UCPD1_Init	32	static
../Core/Src/main.c:452:13:MX_USB_PCD_Init	8	static
../Core/Src/main.c:485:13:MX_GPIO_Init	48	static
../Core/Src/main.c:569:9:VerifyButtonPress	24	static
../Core/Src/main.c:595:6:Error_Handler	4	static,ignoring_inline_asm
