2025-09-14 15:06:01,956 [INFO] Activator:176 - 


2025-09-14 15:06:01,987 [INFO] Activator:177 - !SESSION log4j initialized
2025-09-14 15:06:05,739 [ERROR] LogOutputStream:75 - [STDERR_REDIRECT] 
2025-09-14 15:06:06,521 [INFO] LogOutputStream:77 - [STDOUT_REDIRECT] 
2025-09-14 15:06:08,049 [INFO] LogOutputStream:77 - [STDOUT_REDIRECT] 
2025-09-14 15:06:08,796 [INFO] ApplicationProperties:184 - Using Application install path: /Applications/STM32CubeIDE.app/Contents/Eclipse/plugins/com.st.stm32cube.common.mx_6.9.1.202307191849
2025-09-14 15:06:08,807 [INFO] DbMcusXml:78 - Set database path to: /Applications/STM32CubeIDE.app/Contents/Eclipse/plugins/com.st.stm32cube.common.mx_6.9.1.202307191849//db//mcu/
2025-09-14 15:06:08,808 [INFO] ApiDb:274 - Set plugin database path to: /Applications/STM32CubeIDE.app/Contents/Eclipse/plugins/com.st.stm32cube.common.mx_6.9.1.202307191849//db//plugins/boardmanager/
2025-09-14 15:06:08,808 [WARN] ApiDb:259 - Overriding images path with different value:  => /Applications/STM32CubeIDE.app/Contents/Eclipse/plugins/com.st.stm32cube.common.mx_6.9.1.202307191849//db//plugins/mcufinder/images/
2025-09-14 15:06:08,821 [INFO] ApiDb:250 - Set database path to: /Users/samuel.meysembourg/.stmcufinder/plugins/mcufinder//mcu/
2025-09-14 15:06:08,822 [INFO] DbMcusAds:125 - Set database path to: /Users/samuel.meysembourg/.stmcufinder/plugins/mcufinder//mcu/
2025-09-14 15:06:08,823 [INFO] CrossReferenceDbSqlite:203 - Set database path to: /Users/samuel.meysembourg/.stmcufinder/plugins/mcufinder//mcu/cs/
2025-09-14 15:06:08,923 [INFO] RulesReader:64 - Compatibility file has been processed (293 Rules)
2025-09-14 15:06:08,962 [INFO] DbMcusXml:78 - Set database path to: /Applications/STM32CubeIDE.app/Contents/Eclipse/plugins/com.st.stm32cube.common.mx_6.9.1.202307191849//db//mcu/
2025-09-14 15:06:08,962 [INFO] ApiDb:274 - Set plugin database path to: /Applications/STM32CubeIDE.app/Contents/Eclipse/plugins/com.st.stm32cube.common.mx_6.9.1.202307191849//db//plugins/boardmanager/
2025-09-14 15:06:08,962 [INFO] ApiDb:261 - Set plugin images path to: /Applications/STM32CubeIDE.app/Contents/Eclipse/plugins/com.st.stm32cube.common.mx_6.9.1.202307191849//db//plugins/mcufinder/images/
2025-09-14 15:06:08,962 [WARN] DbFile:41 - Overriding database path with different value: /Users/samuel.meysembourg/.stmcufinder/plugins/mcufinder/ => /Users/samuel.meysembourg/.stmcufinder/plugins/mcufinder
2025-09-14 15:06:08,962 [INFO] ApiDb:250 - Set database path to: /Users/samuel.meysembourg/.stmcufinder/plugins/mcufinder//mcu/
2025-09-14 15:06:08,962 [WARN] DbFile:41 - Overriding database path with different value: /Users/samuel.meysembourg/.stmcufinder/plugins/mcufinder/ => /Users/samuel.meysembourg/.stmcufinder/plugins/mcufinder
2025-09-14 15:06:08,962 [INFO] DbMcusAds:125 - Set database path to: /Users/samuel.meysembourg/.stmcufinder/plugins/mcufinder//mcu/
2025-09-14 15:06:08,962 [WARN] DbFile:41 - Overriding database path with different value: /Users/samuel.meysembourg/.stmcufinder/plugins/mcufinder/ => /Users/samuel.meysembourg/.stmcufinder/plugins/mcufinder
2025-09-14 15:06:08,962 [WARN] DbFile:41 - Overriding database path with different value: /Users/samuel.meysembourg/.stmcufinder/plugins/mcufinder/ => /Users/samuel.meysembourg/.stmcufinder/plugins/mcufinder
2025-09-14 15:06:08,963 [INFO] CrossReferenceDbSqlite:203 - Set database path to: /Users/samuel.meysembourg/.stmcufinder/plugins/mcufinder//mcu/cs/
2025-09-14 15:06:09,023 [INFO] MainPanel:262 - HeapMemory: 268435456
2025-09-14 15:06:09,089 [INFO] DbMcusXml:78 - Set database path to: /Applications/STM32CubeIDE.app/Contents/Eclipse/plugins/com.st.stm32cube.common.mx_6.9.1.202307191849//db//mcu/
2025-09-14 15:06:09,089 [INFO] ApiDb:274 - Set plugin database path to: /Applications/STM32CubeIDE.app/Contents/Eclipse/plugins/com.st.stm32cube.common.mx_6.9.1.202307191849//db//plugins/boardmanager/
2025-09-14 15:06:09,090 [INFO] ApiDb:261 - Set plugin images path to: /Applications/STM32CubeIDE.app/Contents/Eclipse/plugins/com.st.stm32cube.common.mx_6.9.1.202307191849//db//plugins/mcufinder/images/
2025-09-14 15:06:09,090 [WARN] DbFile:41 - Overriding database path with different value: /Users/samuel.meysembourg/.stmcufinder/plugins/mcufinder/ => /Users/samuel.meysembourg/.stmcufinder/plugins/mcufinder
2025-09-14 15:06:09,090 [INFO] ApiDb:250 - Set database path to: /Users/samuel.meysembourg/.stmcufinder/plugins/mcufinder//mcu/
2025-09-14 15:06:09,090 [WARN] DbFile:41 - Overriding database path with different value: /Users/samuel.meysembourg/.stmcufinder/plugins/mcufinder/ => /Users/samuel.meysembourg/.stmcufinder/plugins/mcufinder
2025-09-14 15:06:09,090 [INFO] DbMcusAds:125 - Set database path to: /Users/samuel.meysembourg/.stmcufinder/plugins/mcufinder//mcu/
2025-09-14 15:06:09,090 [WARN] DbFile:41 - Overriding database path with different value: /Users/samuel.meysembourg/.stmcufinder/plugins/mcufinder/ => /Users/samuel.meysembourg/.stmcufinder/plugins/mcufinder
2025-09-14 15:06:09,090 [WARN] DbFile:41 - Overriding database path with different value: /Users/samuel.meysembourg/.stmcufinder/plugins/mcufinder/ => /Users/samuel.meysembourg/.stmcufinder/plugins/mcufinder
2025-09-14 15:06:09,090 [INFO] CrossReferenceDbSqlite:203 - Set database path to: /Users/samuel.meysembourg/.stmcufinder/plugins/mcufinder//mcu/cs/
2025-09-14 15:06:09,101 [INFO] ApplicationProperties:184 - Using Application install path: /Applications/STM32CubeIDE.app/Contents/Eclipse/plugins/com.st.stm32cube.common.mx_6.9.1.202307191849
2025-09-14 15:06:09,101 [INFO] PluginManage:196 - Search for loadable plugins [exclusion list=, ]
2025-09-14 15:06:09,103 [INFO] PluginManage:310 - Check plugin analytics
2025-09-14 15:06:09,234 [INFO] AnalyticsPlugin:253 - Accepted Software Licenses: 
2025-09-14 15:06:09,235 [INFO] AnalyticsPlugin:255 - Accepted CMSIS Pack Licenses: 
2025-09-14 15:06:09,235 [INFO] AnalyticsPlugin:257 - Accepted Firmware Licenses: 
2025-09-14 15:06:09,240 [INFO] PluginManage:359 - Loaded plugin analytics (category:tool,tabindex:-1)
2025-09-14 15:06:09,243 [INFO] PluginManage:310 - Check plugin cadmodel
2025-09-14 15:06:09,536 [INFO] CADModel:105 - Init CAD model plugin
2025-09-14 15:06:09,537 [INFO] PluginManage:359 - Loaded plugin cadmodel (category:power,tabindex:5)
2025-09-14 15:06:09,537 [INFO] PluginManage:310 - Check plugin clock
2025-09-14 15:06:09,547 [INFO] PluginManage:359 - Loaded plugin clock (category:base,tabindex:2)
2025-09-14 15:06:09,547 [INFO] PluginManage:310 - Check plugin ddr
2025-09-14 15:06:09,549 [INFO] PluginManage:359 - Loaded plugin ddr (category:tool,tabindex:6)
2025-09-14 15:06:09,549 [INFO] PluginManage:310 - Check plugin filemanager
2025-09-14 15:06:09,642 [INFO] PluginManage:359 - Loaded plugin filemanager (category:base,tabindex:10)
2025-09-14 15:06:09,643 [INFO] PluginManage:310 - Check plugin ipmanager
2025-09-14 15:06:09,648 [INFO] PluginManage:359 - Loaded plugin ipmanager (category:base,tabindex:5)
2025-09-14 15:06:09,648 [INFO] PluginManage:310 - Check plugin lpbam
2025-09-14 15:06:09,653 [INFO] PluginManage:359 - Loaded plugin lpbam (category:base,tabindex:0)
2025-09-14 15:06:09,654 [INFO] PluginManage:310 - Check plugin memorymap
2025-09-14 15:06:09,660 [INFO] PluginManage:359 - Loaded plugin memorymap (category:base,tabindex:4)
2025-09-14 15:06:09,660 [INFO] PluginManage:310 - Check plugin pinoutandconfiguration
2025-09-14 15:06:09,663 [INFO] PluginManage:359 - Loaded plugin pinoutandconfiguration (category:base,tabindex:1)
2025-09-14 15:06:09,663 [INFO] PluginManage:310 - Check plugin pinoutconfig
2025-09-14 15:06:09,718 [WARN] SupportedApi:132 - Cannot load RTOS API schema: s4s-elt-must-match.1: The content of 'definitions' must match (annotation?, (simpleType | complexType)?, (unique | key | keyref)*)). A problem was found starting at: attribute.
2025-09-14 15:06:09,814 [INFO] PluginManage:359 - Loaded plugin pinoutconfig (category:base,tabindex:0)
2025-09-14 15:06:09,814 [INFO] PluginManage:310 - Check plugin power
2025-09-14 15:06:09,822 [INFO] PluginManage:359 - Loaded plugin power (category:power,tabindex:4)
2025-09-14 15:06:09,822 [INFO] PluginManage:310 - Check plugin projectmanager
2025-09-14 15:06:09,843 [INFO] PluginManage:359 - Loaded plugin projectmanager (category:projectmanager,tabindex:3)
2025-09-14 15:06:09,844 [INFO] PluginManage:310 - Check plugin thirdparty
2025-09-14 15:06:09,960 [INFO] PluginManage:359 - Loaded plugin thirdparty (category:base,tabindex:-1)
2025-09-14 15:06:09,960 [INFO] PluginManage:310 - Check plugin tools
2025-09-14 15:06:09,960 [WARN] IntegrityCheckThread:84 - waiting for thirdparty lock release [integrity check]
2025-09-14 15:06:09,960 [INFO] IntegrityCheckThread:86 - entering critical section [integrity check]
2025-09-14 15:06:09,961 [INFO] ThirdPartyUpdaterWithRetryManager:70 - Updater plugin not ready yet. [1/15]
2025-09-14 15:06:09,962 [INFO] PluginManage:359 - Loaded plugin tools (category:base,tabindex:7)
2025-09-14 15:06:09,962 [INFO] PluginManage:310 - Check plugin tutovideos
2025-09-14 15:06:10,124 [INFO] PluginManage:359 - Loaded plugin tutovideos (category:base,tabindex:-1)
2025-09-14 15:06:10,126 [INFO] PluginManage:310 - Check plugin updater
2025-09-14 15:06:10,148 [INFO] PluginManage:359 - Loaded plugin updater (category:base,tabindex:12)
2025-09-14 15:06:10,148 [INFO] PluginManage:310 - Check plugin userauth
2025-09-14 15:06:10,153 [INFO] UserAuth:113 - Init User Auth plugin
2025-09-14 15:06:10,153 [INFO] PluginManage:359 - Loaded plugin userauth (category:base,tabindex:14)
2025-09-14 15:06:10,154 [INFO] PluginManage:283 - PluginManage : Loaded plugins [17]
2025-09-14 15:06:10,340 [INFO] PinOutPanel:1499 - setPackage(No Configuration,No Configuration)
2025-09-14 15:06:10,421 [INFO] CADModel:165 - CPN selected for project level
2025-09-14 15:06:10,421 [INFO] CADModel:114 - Register for checkConnection events
2025-09-14 15:06:10,428 [INFO] IPUIPlugin:80 - create IPUIPlugin
2025-09-14 15:06:10,429 [INFO] PluginManager:220 - loadIPPluginJar : add mdma
2025-09-14 15:06:10,432 [INFO] IPUIPlugin:80 - create IPUIPlugin
2025-09-14 15:06:10,432 [INFO] PluginManager:220 - loadIPPluginJar : add freertos
2025-09-14 15:06:10,434 [INFO] IPUIPlugin:80 - create IPUIPlugin
2025-09-14 15:06:10,435 [INFO] PluginManager:220 - loadIPPluginJar : add gic
2025-09-14 15:06:10,439 [INFO] IPUIPlugin:80 - create IPUIPlugin
2025-09-14 15:06:10,439 [INFO] PluginManager:220 - loadIPPluginJar : add adc
2025-09-14 15:06:10,440 [INFO] IPUIPlugin:80 - create IPUIPlugin
2025-09-14 15:06:10,440 [INFO] PluginManager:220 - loadIPPluginJar : add gtzc
2025-09-14 15:06:10,441 [INFO] IPUIPlugin:80 - create IPUIPlugin
2025-09-14 15:06:10,441 [INFO] PluginManager:220 - loadIPPluginJar : add quadspi
2025-09-14 15:06:10,441 [INFO] IPUIPlugin:80 - create IPUIPlugin
2025-09-14 15:06:10,441 [INFO] PluginManager:220 - loadIPPluginJar : add aes
2025-09-14 15:06:10,443 [INFO] IPUIPlugin:80 - create IPUIPlugin
2025-09-14 15:06:10,443 [INFO] PluginManager:220 - loadIPPluginJar : add pdm2pcm
2025-09-14 15:06:10,443 [INFO] IPUIPlugin:80 - create IPUIPlugin
2025-09-14 15:06:10,443 [INFO] PluginManager:220 - loadIPPluginJar : add hash
2025-09-14 15:06:10,444 [INFO] IPUIPlugin:80 - create IPUIPlugin
2025-09-14 15:06:10,444 [INFO] PluginManager:220 - loadIPPluginJar : add tim
2025-09-14 15:06:10,445 [INFO] IPUIPlugin:80 - create IPUIPlugin
2025-09-14 15:06:10,445 [INFO] PluginManager:220 - loadIPPluginJar : add tsc
2025-09-14 15:06:10,445 [INFO] IPUIPlugin:80 - create IPUIPlugin
2025-09-14 15:06:10,446 [INFO] PluginManager:220 - loadIPPluginJar : add ts
2025-09-14 15:06:10,447 [INFO] IPUIPlugin:80 - create IPUIPlugin
2025-09-14 15:06:10,447 [INFO] PluginManager:220 - loadIPPluginJar : add can
2025-09-14 15:06:10,449 [INFO] IPUIPlugin:80 - create IPUIPlugin
2025-09-14 15:06:10,449 [INFO] PluginManager:220 - loadIPPluginJar : add dma3
2025-09-14 15:06:10,450 [INFO] IPUIPlugin:80 - create IPUIPlugin
2025-09-14 15:06:10,450 [INFO] PluginManager:220 - loadIPPluginJar : add dfsdm
2025-09-14 15:06:10,451 [INFO] IPUIPlugin:80 - create IPUIPlugin
2025-09-14 15:06:10,452 [INFO] PluginManager:220 - loadIPPluginJar : add spi
2025-09-14 15:06:10,453 [INFO] IPUIPlugin:80 - create IPUIPlugin
2025-09-14 15:06:10,453 [INFO] PluginManager:220 - loadIPPluginJar : add gfxmmu
2025-09-14 15:06:10,455 [INFO] IPUIPlugin:80 - create IPUIPlugin
2025-09-14 15:06:10,455 [INFO] PluginManager:220 - loadIPPluginJar : add genericplugin
2025-09-14 15:06:10,457 [INFO] IPUIPlugin:80 - create IPUIPlugin
2025-09-14 15:06:10,457 [INFO] PluginManager:220 - loadIPPluginJar : add cryp
2025-09-14 15:06:10,460 [INFO] IPUIPlugin:80 - create IPUIPlugin
2025-09-14 15:06:10,461 [INFO] PluginManager:220 - loadIPPluginJar : add gpio
2025-09-14 15:06:10,462 [INFO] IPUIPlugin:80 - create IPUIPlugin
2025-09-14 15:06:10,463 [INFO] PluginManager:220 - loadIPPluginJar : add comp
2025-09-14 15:06:10,465 [INFO] IPUIPlugin:80 - create IPUIPlugin
2025-09-14 15:06:10,465 [INFO] PluginManager:220 - loadIPPluginJar : add tracer_emb
2025-09-14 15:06:10,466 [INFO] IPUIPlugin:80 - create IPUIPlugin
2025-09-14 15:06:10,468 [INFO] PluginManager:220 - loadIPPluginJar : add openamp
2025-09-14 15:06:10,470 [INFO] IPUIPlugin:80 - create IPUIPlugin
2025-09-14 15:06:10,470 [INFO] PluginManager:220 - loadIPPluginJar : add stm32_wpan
2025-09-14 15:06:10,473 [INFO] IPUIPlugin:80 - create IPUIPlugin
2025-09-14 15:06:10,477 [INFO] PluginManager:220 - loadIPPluginJar : add plateformsettings
2025-09-14 15:06:10,479 [INFO] IPUIPlugin:80 - create IPUIPlugin
2025-09-14 15:06:10,479 [INFO] PluginManager:220 - loadIPPluginJar : add ipddr
2025-09-14 15:06:10,480 [INFO] IPUIPlugin:80 - create IPUIPlugin
2025-09-14 15:06:10,480 [INFO] PluginManager:220 - loadIPPluginJar : add usart
2025-09-14 15:06:10,481 [INFO] IPUIPlugin:80 - create IPUIPlugin
2025-09-14 15:06:10,481 [INFO] PluginManager:220 - loadIPPluginJar : add ltdc
2025-09-14 15:06:10,482 [INFO] IPUIPlugin:80 - create IPUIPlugin
2025-09-14 15:06:10,482 [INFO] PluginManager:220 - loadIPPluginJar : add nvic
2025-09-14 15:06:10,483 [INFO] IPUIPlugin:80 - create IPUIPlugin
2025-09-14 15:06:10,483 [INFO] PluginManager:220 - loadIPPluginJar : add fatfs
2025-09-14 15:06:10,486 [INFO] IPUIPlugin:80 - create IPUIPlugin
2025-09-14 15:06:10,486 [INFO] PluginManager:220 - loadIPPluginJar : add linkedlist
2025-09-14 15:06:10,488 [INFO] IPUIPlugin:80 - create IPUIPlugin
2025-09-14 15:06:10,488 [INFO] PluginManager:220 - loadIPPluginJar : add dma
2025-09-14 15:06:10,490 [INFO] IPUIPlugin:80 - create IPUIPlugin
2025-09-14 15:06:10,490 [INFO] PluginManager:220 - loadIPPluginJar : add fmc
2025-09-14 15:06:10,491 [INFO] IPUIPlugin:80 - create IPUIPlugin
2025-09-14 15:06:10,491 [INFO] PluginManager:220 - loadIPPluginJar : add i2s
2025-09-14 15:06:10,491 [INFO] IPUIPlugin:80 - create IPUIPlugin
2025-09-14 15:06:10,492 [INFO] PluginManager:220 - loadIPPluginJar : add ucpd
2025-09-14 15:06:10,492 [INFO] IPUIPlugin:80 - create IPUIPlugin
2025-09-14 15:06:10,492 [INFO] PluginManager:220 - loadIPPluginJar : add lorawan
2025-09-14 15:06:10,493 [INFO] IPUIPlugin:80 - create IPUIPlugin
2025-09-14 15:06:10,493 [INFO] PluginManager:220 - loadIPPluginJar : add opamp
2025-09-14 15:06:10,494 [INFO] IPUIPlugin:80 - create IPUIPlugin
2025-09-14 15:06:10,495 [INFO] PluginManager:220 - loadIPPluginJar : add i3c
2025-09-14 15:06:10,495 [INFO] IPUIPlugin:80 - create IPUIPlugin
2025-09-14 15:06:10,495 [INFO] PluginManager:220 - loadIPPluginJar : add touchsensing
2025-09-14 15:06:10,499 [INFO] IPUIPlugin:80 - create IPUIPlugin
2025-09-14 15:06:10,499 [INFO] PluginManager:220 - loadIPPluginJar : add i2c
2025-09-14 15:06:10,501 [INFO] IPUIPlugin:80 - create IPUIPlugin
2025-09-14 15:06:10,501 [INFO] PluginManager:220 - loadIPPluginJar : add resmgrutility
2025-09-14 15:06:10,502 [INFO] IPUIPlugin:80 - create IPUIPlugin
2025-09-14 15:06:10,502 [INFO] PluginManager:220 - loadIPPluginJar : add sai
2025-09-14 15:06:10,503 [INFO] IPUIPlugin:80 - create IPUIPlugin
2025-09-14 15:06:10,503 [INFO] PluginManager:220 - loadIPPluginJar : add usbx
2025-09-14 15:06:10,607 [INFO] CADModel:165 - CPN selected for project level
2025-09-14 15:06:10,607 [INFO] CADModel:114 - Register for checkConnection events
2025-09-14 15:06:10,608 [FATAL] Updater:308 - Updater called before beeing initialized
2025-09-14 15:06:10,608 [ERROR] CADModel:125 - Updater not yet initialized, retry later 
2025-09-14 15:06:10,766 [INFO] CADModel:165 - CPN selected for project level
2025-09-14 15:06:10,766 [INFO] CADModel:114 - Register for checkConnection events
2025-09-14 15:06:10,766 [FATAL] Updater:308 - Updater called before beeing initialized
2025-09-14 15:06:10,766 [ERROR] CADModel:125 - Updater not yet initialized, retry later 
2025-09-14 15:06:10,768 [FATAL] Updater:308 - Updater called before beeing initialized
2025-09-14 15:06:10,874 [FATAL] Updater:308 - Updater called before beeing initialized
2025-09-14 15:06:10,880 [INFO] DbMcusAds:53 - JSON generation date=Tue Jul 08 03:14:23 CDT 2025 (1751962463582)
2025-09-14 15:06:10,881 [FATAL] Updater:308 - Updater called before beeing initialized
2025-09-14 15:06:10,927 [WARN] DetailPanel:346 - Failed to get advertising image, set to default
2025-09-14 15:06:10,980 [FATAL] Updater:308 - Updater called before beeing initialized
2025-09-14 15:06:10,981 [FATAL] Updater:308 - Updater called before beeing initialized
2025-09-14 15:06:10,981 [FATAL] Updater:308 - Updater called before beeing initialized
2025-09-14 15:06:10,981 [WARN] DetailPanel:346 - Failed to get advertising image, set to default
2025-09-14 15:06:10,982 [FATAL] Updater:308 - Updater called before beeing initialized
2025-09-14 15:06:11,027 [ERROR] Updater:1120 - MainUpdater not yet initialized. External WinMGr cannot be set.
2025-09-14 15:06:11,055 [INFO] Updater:1056 - Updater Version found : 6.9.1
2025-09-14 15:06:11,065 [INFO] ApplicationProperties:184 - Using Application install path: /Applications/STM32CubeIDE.app/Contents/Eclipse/plugins/com.st.stm32cube.common.mx_6.9.1.202307191849
2025-09-14 15:06:11,261 [INFO] MainUpdater:2868 - connection check result : 10
2025-09-14 15:06:11,262 [INFO] MainUpdater:3562 - Updater definition file requires update
2025-09-14 15:06:11,262 [INFO] MainUpdater:285 - Updater Check For Update Now.
2025-09-14 15:06:11,263 [INFO] MicroXplorer:498 - Change Database Version : DB.6.0.91
2025-09-14 15:06:11,267 [INFO] McuFinderGlobals:63 - Set McuFinder mode to 2 (CubeIDE integrated)
2025-09-14 15:06:11,373 [INFO] ServerAccessManage:473 - Download File updaters.zip
2025-09-14 15:06:11,583 [INFO] FileExtend:240 - Unzip File : updaters.zip
2025-09-14 15:06:11,583 [INFO] FileExtend:255 - Standard Zip Deflate
2025-09-14 15:06:11,905 [INFO] ServerAccessManage:473 - Download File PacksControlFlags.xml
2025-09-14 15:06:12,134 [INFO] ServerAccessManage:473 - Download File cubemx.pidx
2025-09-14 15:06:12,250 [INFO] LoadServerUpdatesThread:373 - End of LoadServerUpdate Thread
2025-09-14 15:06:12,455 [INFO] CheckServerUpdateThread:120 - End of CheckServer Thread
2025-09-14 15:06:13,174 [WARN] PackLoader:240 - Cannot read IP mode file for STMicroelectronics.FP-SNS-MOTENVWB1.1.4.0
2025-09-14 15:06:13,198 [WARN] PackLoader:240 - Cannot read IP mode file for STMicroelectronics.FP-ATR-ASTRA1.2.0.2
2025-09-14 15:06:13,211 [WARN] PackLoader:240 - Cannot read IP mode file for STMicroelectronics.X-CUBE-SMBUS.2.1.0
2025-09-14 15:06:13,214 [ERROR] Engine:466 - /Users/samuel.meysembourg/.stm32cubemx/thirdparties/pdsc/STMicroelectronics.X-CUBE-ST60.1.0.0.pdsc: PDSC version is not supported
2025-09-14 15:06:13,251 [WARN] PackLoader:240 - Cannot read IP mode file for STMicroelectronics.X-CUBE-AZRTOS-F7.1.1.0
2025-09-14 15:06:13,269 [ERROR] Engine:466 - /Users/samuel.meysembourg/.stm32cubemx/thirdparties/pdsc/WES.I-CUBE-Cesium.1.4.0.pdsc: PDSC version is not supported
2025-09-14 15:06:13,274 [ERROR] Engine:466 - /Users/samuel.meysembourg/.stm32cubemx/thirdparties/pdsc/Infineon.AIROC-Wi-Fi-Bluetooth-STM32.1.7.1.pdsc: PDSC version is not supported
2025-09-14 15:06:13,349 [WARN] PackLoader:240 - Cannot read IP mode file for STMicroelectronics.X-CUBE-AZRTOS-H7.3.4.0
2025-09-14 15:06:13,423 [WARN] PackLoader:240 - Cannot read IP mode file for STMicroelectronics.X-CUBE-DISPLAY.3.0.0
2025-09-14 15:06:13,465 [WARN] PackLoader:240 - Cannot read IP mode file for STMicroelectronics.X-CUBE-NFC10.1.0.0
2025-09-14 15:06:13,476 [WARN] PackLoader:240 - Cannot read IP mode file for emotas.I-CUBE-CANOPEN.1.3.0
2025-09-14 15:06:13,479 [ERROR] Engine:466 - /Users/samuel.meysembourg/.stm32cubemx/thirdparties/pdsc/STMicroelectronics.FP-SNS-STBOX1.2.1.0.pdsc: PDSC version is not supported
2025-09-14 15:06:13,484 [WARN] PackLoader:240 - Cannot read IP mode file for STMicroelectronics.FP-SNS-SMARTAG2.1.2.0
2025-09-14 15:06:13,486 [ERROR] Engine:466 - /Users/samuel.meysembourg/.stm32cubemx/thirdparties/pdsc/STMicroelectronics.FP-SNS-FLIGHT1.5.1.0.pdsc: PDSC version is not supported
2025-09-14 15:06:13,498 [INFO] LogOutputStream:77 - [STDOUT_REDIRECT] 1 : Invalid condition id : UX_CORESTACK_Condition cause : null
2025-09-14 15:06:13,500 [INFO] LogOutputStream:77 - [STDOUT_REDIRECT] 1 : Invalid condition id : UX_CORESTACK_Condition cause : null
2025-09-14 15:06:13,500 [INFO] LogOutputStream:77 - [STDOUT_REDIRECT] 1 : Invalid condition id : UX_CORESTACK_Condition cause : null
2025-09-14 15:06:13,500 [INFO] LogOutputStream:77 - [STDOUT_REDIRECT] 1 : Invalid condition id : UX_CORESTACK_Condition cause : null
2025-09-14 15:06:13,500 [INFO] LogOutputStream:77 - [STDOUT_REDIRECT] 1 : Invalid condition id : UX_CORESTACK_Condition cause : null
2025-09-14 15:06:13,509 [WARN] PackLoader:240 - Cannot read IP mode file for STMicroelectronics.X-CUBE-AZRTOS-WL.2.0.0
2025-09-14 15:06:13,528 [WARN] PackLoader:240 - Cannot read IP mode file for STMicroelectronics.FP-SNS-MOTENV1.5.0.0
2025-09-14 15:06:13,541 [WARN] PackLoader:240 - Cannot read IP mode file for STMicroelectronics.X-CUBE-BLE2.3.3.0
2025-09-14 15:06:13,566 [WARN] PackLoader:240 - Cannot read IP mode file for STMicroelectronics.X-CUBE-NFC9.1.0.0
2025-09-14 15:06:13,579 [WARN] PackLoader:240 - Cannot read IP mode file for wolfSSL.I-CUBE-wolfSSL.5.8.2
2025-09-14 15:06:13,593 [WARN] PackLoader:240 - Cannot read IP mode file for STMicroelectronics.X-CUBE-BLE1.7.1.0
2025-09-14 15:06:13,602 [WARN] PackLoader:240 - Cannot read IP mode file for wolfSSL.I-CUBE-wolfMQTT.1.19.2
2025-09-14 15:06:13,608 [WARN] PackLoader:240 - Cannot read IP mode file for STMicroelectronics.X-CUBE-EEPRMA1.5.2.0
2025-09-14 15:06:13,633 [WARN] PackLoader:240 - Cannot read IP mode file for STMicroelectronics.X-CUBE-AZRTOS-G0.1.1.0
2025-09-14 15:06:13,650 [WARN] PackLoader:240 - Cannot read IP mode file for STMicroelectronics.X-CUBE-SAFEA1.1.2.2
2025-09-14 15:06:13,661 [WARN] PackLoader:240 - Cannot read IP mode file for STMicroelectronics.X-CUBE-NFC4.3.0.0
2025-09-14 15:06:13,665 [ERROR] Engine:466 - /Users/samuel.meysembourg/.stm32cubemx/thirdparties/pdsc/EmbeddedOffice.I-CUBE-FS-RTOS.1.0.1.pdsc: PDSC version is not supported
2025-09-14 15:06:13,669 [WARN] PackLoader:240 - Cannot read IP mode file for STMicroelectronics.X-CUBE-WB05N.2.0.0
2025-09-14 15:06:13,672 [WARN] PackLoader:240 - Cannot read IP mode file for wolfSSL.I-CUBE-wolfTPM.3.8.0
2025-09-14 15:06:13,673 [ERROR] Engine:466 - /Users/samuel.meysembourg/.stm32cubemx/thirdparties/pdsc/STMicroelectronics.X-CUBE-TCPP.4.2.0.pdsc: PDSC version is not supported
2025-09-14 15:06:13,674 [ERROR] Engine:466 - /Users/samuel.meysembourg/.stm32cubemx/thirdparties/pdsc/RealThread.X-CUBE-RT-Thread_Nano.4.1.1.pdsc: PDSC version is not supported
2025-09-14 15:06:13,675 [WARN] PackLoader:240 - Cannot read IP mode file for STMicroelectronics.FP-ATR-SIGFOX1.3.2.0
2025-09-14 15:06:13,682 [WARN] PackLoader:240 - Cannot read IP mode file for ITTIA_DB.I-CUBE-ITTIADB.8.9.0
2025-09-14 15:06:13,683 [ERROR] Engine:466 - /Users/samuel.meysembourg/.stm32cubemx/thirdparties/pdsc/STMicroelectronics.X-CUBE-ST67W61.1.0.0.pdsc: PDSC version is not supported
2025-09-14 15:06:13,686 [WARN] PackLoader:240 - Cannot read IP mode file for STMicroelectronics.X-CUBE-AI.10.2.0
2025-09-14 15:06:13,732 [WARN] PackLoader:240 - Cannot read IP mode file for SEGGER.I-CUBE-embOS.1.3.1
2025-09-14 15:06:13,772 [WARN] PackLoader:240 - Cannot read IP mode file for STMicroelectronics.X-CUBE-ALGOBUILD.1.4.0
2025-09-14 15:06:13,837 [WARN] PackLoader:240 - Cannot read IP mode file for STMicroelectronics.X-CUBE-MEMS1.11.3.0
2025-09-14 15:06:13,924 [WARN] PackLoader:240 - Cannot read IP mode file for STMicroelectronics.X-CUBE-PM33A1.1.0.0
2025-09-14 15:06:13,942 [WARN] PackLoader:240 - Cannot read IP mode file for STMicroelectronics.X-CUBE-AZRTOS-F4.1.1.0
2025-09-14 15:06:13,952 [ERROR] Engine:466 - /Users/samuel.meysembourg/.stm32cubemx/thirdparties/pdsc/Avnet-IotConnect.X-CUBE-IoTC-DA16k-PMOD.1.0.0.pdsc: PDSC version is not supported
2025-09-14 15:06:13,959 [WARN] PackLoader:240 - Cannot read IP mode file for STMicroelectronics.X-CUBE-ISPU.2.1.0
2025-09-14 15:06:13,965 [WARN] PackLoader:240 - Cannot read IP mode file for STMicroelectronics.X-CUBE-NFC12.1.0.0
2025-09-14 15:06:13,984 [WARN] PackLoader:240 - Cannot read IP mode file for STMicroelectronics.X-CUBE-AZRTOS-L5.2.0.0
2025-09-14 15:06:13,993 [WARN] PackLoader:240 - Cannot read IP mode file for STMicroelectronics.X-CUBE-NFC6.3.1.0
2025-09-14 15:06:14,000 [WARN] PackLoader:240 - Cannot read IP mode file for STMicroelectronics.X-CUBE-FREERTOS.1.3.1
2025-09-14 15:06:14,001 [ERROR] Engine:466 - /Users/samuel.meysembourg/.stm32cubemx/thirdparties/pdsc/STMicroelectronics.FP-SNS-STAIOTCFT.1.0.0.pdsc: PDSC version is not supported
2025-09-14 15:06:14,003 [ERROR] Engine:466 - /Users/samuel.meysembourg/.stm32cubemx/thirdparties/pdsc/STMicroelectronics.X-CUBE-DPower.1.3.0.pdsc: PDSC version is not supported
2025-09-14 15:06:14,022 [WARN] ConditionMgr:438 - getConditionDescription Invalid condition id : LAN8742 Phy interface Condition cause : null
2025-09-14 15:06:14,023 [WARN] PackLoader:240 - Cannot read IP mode file for STMicroelectronics.X-CUBE-AZRTOS-L4.2.0.0
2025-09-14 15:06:14,026 [WARN] ConditionMgr:1039 - genDependencies : Invalid condition id : LAN8742 Phy interface Condition cause : null
2025-09-14 15:06:14,027 [WARN] ConditionMgr:1039 - genDependencies : Invalid condition id : LAN8742 Phy interface Condition cause : null
2025-09-14 15:06:14,028 [WARN] ConditionMgr:1039 - genDependencies : Invalid condition id : LAN8742 Phy interface Condition cause : null
2025-09-14 15:06:14,034 [WARN] PackLoader:240 - Cannot read IP mode file for STMicroelectronics.X-CUBE-SFXS2LP1.4.0.0
2025-09-14 15:06:14,037 [ERROR] Engine:466 - /Users/samuel.meysembourg/.stm32cubemx/thirdparties/pdsc/STMicroelectronics.X-CUBE-BLEMGR.4.1.0.pdsc: PDSC version is not supported
2025-09-14 15:06:14,047 [WARN] ConditionMgr:438 - getConditionDescription Invalid condition id : UX DEVICE CLASS RTOS Condition cause : null
2025-09-14 15:06:14,047 [WARN] ConditionMgr:438 - getConditionDescription Invalid condition id : UX DEVICE CLASS RTOS Condition cause : null
2025-09-14 15:06:14,051 [WARN] PackLoader:240 - Cannot read IP mode file for STMicroelectronics.X-CUBE-AZRTOS-WB.2.0.0
2025-09-14 15:06:14,052 [WARN] ConditionMgr:1039 - genDependencies : Invalid condition id : UX DEVICE CLASS RTOS Condition cause : null
2025-09-14 15:06:14,052 [WARN] ConditionMgr:1039 - genDependencies : Invalid condition id : UX DEVICE CLASS RTOS Condition cause : null
2025-09-14 15:06:14,053 [WARN] ConditionMgr:1039 - genDependencies : Invalid condition id : UX DEVICE CLASS RTOS Condition cause : null
2025-09-14 15:06:14,053 [WARN] ConditionMgr:1039 - genDependencies : Invalid condition id : UX DEVICE CLASS RTOS Condition cause : null
2025-09-14 15:06:14,053 [WARN] ConditionMgr:1039 - genDependencies : Invalid condition id : UX DEVICE CLASS RTOS Condition cause : null
2025-09-14 15:06:14,059 [WARN] PackLoader:240 - Cannot read IP mode file for STMicroelectronics.X-CUBE-GNSS1.7.0.1
2025-09-14 15:06:14,064 [WARN] PackLoader:240 - Cannot read IP mode file for STMicroelectronics.X-CUBE-TOUCHGFX.4.25.0
2025-09-14 15:06:14,067 [ERROR] Engine:466 - /Users/samuel.meysembourg/.stm32cubemx/thirdparties/pdsc/quantropi.X-CUBE-qispace-sdk-base.2.1.0.pdsc: PDSC version is not supported
2025-09-14 15:06:14,078 [WARN] PackLoader:240 - Cannot read IP mode file for STMicroelectronics.X-CUBE-SUBG2.5.0.0
2025-09-14 15:06:14,108 [WARN] PackLoader:240 - Cannot read IP mode file for STMicroelectronics.X-CUBE-AZRTOS-H7RS.1.1.0
2025-09-14 15:06:14,115 [WARN] PackLoader:240 - Cannot read IP mode file for Cesanta.I-CUBE-Mongoose.7.13.0
2025-09-14 15:06:14,128 [WARN] PackLoader:240 - Cannot read IP mode file for STMicroelectronics.X-CUBE-AZRTOS-G4.2.0.0
2025-09-14 15:06:14,133 [WARN] PackLoader:240 - Cannot read IP mode file for wolfSSL.I-CUBE-wolfSSH.1.4.20
2025-09-14 15:06:14,136 [WARN] PackLoader:240 - Cannot read IP mode file for STMicroelectronics.X-CUBE-NFC7.2.0.0
2025-09-14 15:06:14,141 [ERROR] Engine:466 - /Users/samuel.meysembourg/.stm32cubemx/thirdparties/pdsc/STMicroelectronics.X-CUBE-IPS.3.1.0.pdsc: PDSC version is not supported
2025-09-14 15:06:14,143 [WARN] PackLoader:240 - Cannot read IP mode file for STMicroelectronics.X-CUBE-ALS.1.0.2
2025-09-14 15:06:14,148 [WARN] PackLoader:240 - Cannot read IP mode file for STMicroelectronics.X-CUBE-STSE01.1.0.0
2025-09-14 15:06:14,152 [ERROR] Engine:466 - /Users/samuel.meysembourg/.stm32cubemx/thirdparties/pdsc/STMicroelectronics.X-CUBE-TOF1.3.4.3.pdsc: PDSC version is not supported
2025-09-14 15:06:14,155 [INFO] ThirdParty:978 - Integrity check success = true
2025-09-14 15:06:14,155 [INFO] IntegrityCheckThread:100 - exiting critical section [integrity check]
2025-09-14 15:06:14,155 [INFO] IntegrityCheckThread:103 - End integrity checks thread
2025-09-14 15:06:32,311 [ERROR] LogOutputStream:75 - [STDERR_REDIRECT] SLF4J: Failed to load class "org.slf4j.impl.StaticLoggerBinder".
2025-09-14 15:06:32,314 [ERROR] LogOutputStream:75 - [STDERR_REDIRECT] SLF4J: Defaulting to no-operation (NOP) logger implementation
2025-09-14 15:06:32,314 [ERROR] LogOutputStream:75 - [STDERR_REDIRECT] SLF4J: See http://www.slf4j.org/codes.html#StaticLoggerBinder for further details.
2025-09-14 15:08:57,655 [INFO] McuFinderGlobals:63 - Set McuFinder mode to 2 (CubeIDE integrated)
2025-09-14 15:08:57,664 [INFO] MainUpdater:2868 - connection check result : 10
2025-09-14 15:08:57,666 [INFO] McuFinderGlobals:76 - Set McuFinderConnectedMode to true
2025-09-14 15:08:59,547 [INFO] ServerAccessManage:473 - Download File mcusAds.json._tmp_
2025-09-14 15:08:59,684 [INFO] LoadUrlFilesThread:156 - End of LoadUrlFiles Thread
2025-09-14 15:09:00,331 [INFO] ServerAccessManage:473 - Download File cube-finder-db.zip
2025-09-14 15:09:07,183 [INFO] FileExtend:240 - Unzip File : cube-finder-db.zip
2025-09-14 15:09:07,189 [INFO] FileExtend:255 - Standard Zip Deflate
2025-09-14 15:09:07,552 [INFO] LoadUrlFilesThread:156 - End of LoadUrlFiles Thread
2025-09-14 15:09:08,708 [INFO] ServerAccessManage:473 - Download File crdb.zip
2025-09-14 15:09:09,511 [INFO] FileExtend:240 - Unzip File : crdb.zip
2025-09-14 15:09:09,514 [INFO] FileExtend:255 - Standard Zip Deflate
2025-09-14 15:09:09,638 [INFO] LoadUrlFilesThread:156 - End of LoadUrlFiles Thread
2025-09-14 15:09:09,943 [INFO] ServerAccessManage:473 - Download File tutoVideoDB.zip
2025-09-14 15:09:09,976 [INFO] FileExtend:240 - Unzip File : tutoVideoDB.zip
2025-09-14 15:09:09,977 [INFO] FileExtend:255 - Standard Zip Deflate
2025-09-14 15:09:10,086 [INFO] LoadUrlFilesThread:156 - End of LoadUrlFiles Thread
2025-09-14 15:09:10,108 [WARN] DbFile:41 - Overriding database path with different value: /Users/samuel.meysembourg/.stmcufinder/plugins/mcufinder/ => /Users/samuel.meysembourg/.stmcufinder/plugins/mcufinder
2025-09-14 15:09:10,325 [INFO] ServerAccessManage:473 - Download File api_config.json
2025-09-14 15:09:10,436 [INFO] LoadUrlFilesThread:156 - End of LoadUrlFiles Thread
2025-09-14 15:09:10,440 [INFO] DbMcusAds:53 - JSON generation date=Tue Jul 08 03:14:23 CDT 2025 (1751962463582)
2025-09-14 15:09:10,685 [INFO] ServerAccessManage:473 - Download File 
2025-09-14 15:09:11,019 [INFO] LoadUrlFilesThread:185 - End of LoadServerUrlFiles without Thread
2025-09-14 15:09:11,020 [INFO] TargetSelectorAdapter:259 - Refresh data is successful
2025-09-14 15:09:11,632 [INFO] ApiDb:581 - Connected to CubeFinder SQLite database (/Users/samuel.meysembourg/.stmcufinder/plugins/mcufinder/mcu/cube-finder-db.db)
2025-09-14 15:09:11,662 [INFO] ApiDb:668 - CubeFinder database Data Model version=2.1
2025-09-14 15:09:11,662 [INFO] ApiDb:669 - CubeFinder database Configuration version=3.0.39
2025-09-14 15:09:11,662 [INFO] ApiDb:670 - CubeFinder database generation date=2025-08-25 (1756130511)
2025-09-14 15:09:11,662 [INFO] ApiDb:671 - CubeFinder database FW Pack versions=[FP-ATR-ASTRA1_V2.0.0, FP-SNS-FLIGHT1_V5.1.0, FP-SNS-MOTENV1_V5.0.0, FP-SNS-MOTENVWB1_V1.4.0, FP-SNS-SMARTAG2_V1.2.0, FP-SNS-STBOX1_V2.1.0, STM32Cube_FW_C0_V1.4.0, STM32Cube_FW_F4_V1.28.3, STM32Cube_FW_F7_V1.17.4, STM32Cube_FW_G0_V1.6.2, STM32Cube_FW_G4_V1.6.1, STM32Cube_FW_H5_V1.5.0, STM32Cube_FW_H7RS_V1.2.0, STM32Cube_FW_H7_V1.12.1, STM32Cube_FW_L0_V1.12.2, STM32Cube_FW_L4_V1.18.1, STM32Cube_FW_L5_V1.5.1, STM32Cube_FW_N6_V1.2.0, STM32Cube_FW_U0_V1.3.0, STM32Cube_FW_U3_V1.2.0, STM32Cube_FW_U5_V1.8.0, STM32Cube_FW_WB0_V1.3.0, STM32Cube_FW_WBA_V1.7.0, STM32Cube_FW_WB_V1.23.0, STM32Cube_FW_WL3_V1.2.0, STM32Cube_FW_WL_V1.3.1, X-CUBE-ALGOBUILD_V1.4.0, X-CUBE-ALS_V1.0.2, X-CUBE-AZRTOS-F4_V1.1.0, X-CUBE-AZRTOS-F7_V1.1.0, X-CUBE-AZRTOS-G0_V1.1.0, X-CUBE-AZRTOS-G4_V2.0.0, X-CUBE-AZRTOS-H7RS_V1.1.0, X-CUBE-AZRTOS-H7_V3.4.0, X-CUBE-AZRTOS-L4_V2.0.0, X-CUBE-AZRTOS-L5_V2.0.0, X-CUBE-AZRTOS-WB_V2.0.0, X-CUBE-AZRTOS-WL_V2.0.0, X-CUBE-BLE1_V7.1.0, X-CUBE-BLE2_V3.3.0, X-CUBE-BLEMGR_V4.1.0, X-CUBE-EEPRMA1_V5.2.0, X-CUBE-FREERTOS_V1.3.1, X-CUBE-GNSS1_V6.0.0, X-CUBE-MEMS1_V11.3.0, X-CUBE-NFC4_V3.0.0, X-CUBE-NFC7_V2.0.0, X-CUBE-SFXS2LP1_V4.0.0, X-CUBE-ST67W61_V1.0.0, X-CUBE-SUBG2_V5.0.0, X-CUBE-TOF1_V3.4.3]
2025-09-14 15:09:12,523 [INFO] ApiDb:240 - Found 323 in-development CPN: [B-G473E-ZEST1S, B-WB1M-WPAN1, B-WL5M-SUBG1, NUCLEO-C031C6, NUCLEO-H503RB, NUCLEO-H563ZI, NUCLEO-U545RE-Q, NUCLEO-U5A5ZJ-Q, NUCLEO-WBA52CG, STEVAL-PROTEUS1, STEVAL-SMARTAG2, STEVAL-STWINBX1, STM320518-EVAL, STM32C0116-DK, STM32C011D6Y3TR, STM32C011D6Y6TR, STM32C011F4P3, STM32C011F4P6, STM32C011F4U3, STM32C011F4U6TR, STM32C011F6P3, STM32C011F6P6, STM32C011F6U3, STM32C011F6U6TR, STM32C011J4M3, STM32C011J4M6, STM32C011J6M3, STM32C011J6M6, STM32C0316-DK, STM32C031C4T3, STM32C031C4T6, STM32C031C4U3, STM32C031C4U6, STM32C031C6T3, STM32C031C6T6, STM32C031C6U3, STM32C031C6U6, STM32C031F4P3, STM32C031F4P6, STM32C031F6P3, STM32C031F6P6, STM32C031G4U3, STM32C031G4U6, STM32C031G6U3, STM32C031G6U6, STM32C031K4T3, STM32C031K4T6, STM32C031K4U3, STM32C031K4U6, STM32C031K6T3, STM32C031K6T6, STM32C031K6U3, STM32C031K6U6, STM32G071K8TXN, STM32G071K8UXN, STM32G081GBU6N, STM32G081KBT6N, STM32G081KBUXN, STM32G0B1CCT6N, STM32G0B1KCT6, STM32G0B1NEY6TR, STM32G0B1RCT6N, STM32G0C1CCT6, STM32G0C1CCT6N, STM32G0C1CCU6N, STM32G0C1CET6N, STM32G0C1CEU6N, STM32G0C1KCT6, STM32G0C1NEY6TR, STM32G0C1RCI6N, STM32G0C1RCT6N, STM32G0C1REI6N, STM32G0C1RET6N, STM32G0C1VCI6, STM32G0C1VEI6, STM32G471CCT6, STM32G471CCU6, STM32G471CET3, STM32G471CET6, STM32G471CEU3, STM32G471CEU6, STM32G471MCT6, STM32G471MET3, STM32G471MET6, STM32G471MEY6TR, STM32G471QCT6, STM32G471QET3, STM32G471RCT6, STM32G471RET3, STM32G471RET6, STM32G471VCH6, STM32G471VCI6, STM32G471VCT6, STM32G471VEH3, STM32G471VEH6, STM32G471VEI3, STM32G471VEI6, STM32G471VET3, STM32G471VET6, STM32G474CCT6, STM32H503CBT6, STM32H503CBU6, STM32H503EBY6TR, STM32H503KBU6, STM32H503RBT6, STM32H562AGI6, STM32H562AII6, STM32H562IGK6, STM32H562IGT6, STM32H562IIK6, STM32H562IIT6, STM32H562RGT6, STM32H562RGV6, STM32H562RIT6, STM32H562RIV6, STM32H562VGT6, STM32H562VIT6, STM32H562ZGT6, STM32H562ZIT6, STM32H563AGI6, STM32H563AII3Q, STM32H563AII6, STM32H563IGK6, STM32H563IGT6, STM32H563IIK3Q, STM32H563IIK6, STM32H563IIT3Q, STM32H563IIT6, STM32H563MIY3QTR, STM32H563RGT6, STM32H563RGV6, STM32H563RIT6, STM32H563RIV6, STM32H563VGT6, STM32H563VIT3Q, STM32H563VIT6, STM32H563ZGT6, STM32H563ZIT3Q, STM32H563ZIT6, STM32H573AII3Q, STM32H573AII6, STM32H573I-DK, STM32H573IIK3Q, STM32H573IIK6, STM32H573IIT3Q, STM32H573IIT6, STM32H573MIY3QTR, STM32H573RIT6, STM32H573RIV6, STM32H573VIT3Q, STM32H573VIT6, STM32H573ZIT3Q, STM32H573ZIT6, STM32L4R5QGI6STR, STM32MP131AAE3, STM32MP131AAF3, STM32MP131AAG3, STM32MP131CAE3, STM32MP131CAF3, STM32MP131CAG3, STM32MP131DAE7, STM32MP131DAF7, STM32MP131DAG7, STM32MP131FAE7, STM32MP131FAF7, STM32MP131FAG7, STM32MP133AAE3, STM32MP133AAF3, STM32MP133AAG3, STM32MP133CAE3, STM32MP133CAF3, STM32MP133CAG3, STM32MP133DAE7, STM32MP133DAF7, STM32MP133DAG7, STM32MP133FAE7, STM32MP133FAF7, STM32MP133FAG7, STM32MP135AAE3, STM32MP135AAF3, STM32MP135AAG3, STM32MP135CAE3, STM32MP135CAF3, STM32MP135CAG3, STM32MP135DAE7, STM32MP135DAF7, STM32MP135DAG7, STM32MP135F-DK, STM32MP135FAE7, STM32MP135FAF7, STM32MP135FAF7T, STM32MP135FAF7U, STM32MP135FAG7, STM32U535CBT6, STM32U535CBT6Q, STM32U535CBU6, STM32U535CBU6Q, STM32U535CCT6, STM32U535CCT6Q, STM32U535CCU6, STM32U535CCU6Q, STM32U535CET6, STM32U535CET6Q, STM32U535CEU6, STM32U535CEU6Q, STM32U535JEY6QTR, STM32U535NCY6QTR, STM32U535NEY6QTR, STM32U535RBI6, STM32U535RBI6Q, STM32U535RBT6, STM32U535RBT6Q, STM32U535RCI6, STM32U535RCI6Q, STM32U535RCT6, STM32U535RCT6Q, STM32U535REI6, STM32U535REI6Q, STM32U535RET6, STM32U535RET6Q, STM32U535VCI6, STM32U535VCI6Q, STM32U535VCT6, STM32U535VCT6Q, STM32U535VEI6, STM32U535VEI6Q, STM32U535VET6, STM32U535VET6Q, STM32U545CET6, STM32U545CET6Q, STM32U545CEU6, STM32U545CEU6Q, STM32U545JEY6QTR, STM32U545NEY6QTR, STM32U545REI6, STM32U545REI6Q, STM32U545RET6, STM32U545RET6Q, STM32U545VEI6, STM32U545VEI6Q, STM32U545VET6, STM32U545VET6Q, STM32U595AIH6, STM32U595AIH6Q, STM32U595AJH6, STM32U595AJH6Q, STM32U595QII6, STM32U595QII6Q, STM32U595QJI6, STM32U595QJI6Q, STM32U595RIT6, STM32U595RIT6Q, STM32U595RJT6, STM32U595RJT6Q, STM32U595VIT6, STM32U595VIT6Q, STM32U595VJT6, STM32U595VJT6Q, STM32U595ZIT6, STM32U595ZIT6Q, STM32U595ZIY6QTR, STM32U595ZJT6, STM32U595ZJT6Q, STM32U595ZJY6QTR, STM32U599BJY6QTR, STM32U599NIH6Q, STM32U599NJH6Q, STM32U599VIT6Q, STM32U599VJT6, STM32U599VJT6Q, STM32U599ZIT6Q, STM32U599ZIY6QTR, STM32U599ZJT6Q, STM32U599ZJY6QTR, STM32U5A5AJH6, STM32U5A5AJH6Q, STM32U5A5QJI6, STM32U5A5QJI6Q, STM32U5A5RJT6, STM32U5A5RJT6Q, STM32U5A5VJT6, STM32U5A5VJT6Q, STM32U5A5ZJT6, STM32U5A5ZJT6Q, STM32U5A5ZJY6QTR, STM32U5A9BJY6QTR, STM32U5A9J-DK, STM32U5A9NJH6Q, STM32U5A9VJT6Q, STM32U5A9ZJT6Q, STM32U5A9ZJY6QTR, STM32U5F7VIT6, STM32U5F7VIT6Q, STM32U5F7VJT6, STM32U5F7VJT6Q, STM32U5F9BJY6QTR, STM32U5F9NJH6Q, STM32U5F9VIT6Q, STM32U5F9VJT6Q, STM32U5F9ZIJ6QTR, STM32U5F9ZIT6Q, STM32U5F9ZJJ6QTR, STM32U5F9ZJT6Q, STM32U5G7VJT6, STM32U5G7VJT6Q, STM32U5G9BJY6QTR, STM32U5G9J-DK1, STM32U5G9J-DK2, STM32U5G9NJH6Q, STM32U5G9VJT6Q, STM32U5G9ZJJ6QTR, STM32U5G9ZJT6Q, STM32WB1MMCH6, STM32WBA52CEU6, STM32WBA52CEU6T, STM32WBA52CGU6, STM32WBA52CGU6T, STM32WBA52KEU6, STM32WBA52KEU6T, STM32WBA52KGU6, STM32WBA52KGU6T, STM32WL5MOCH6, STM32WL5MOCH6TR]
2025-09-14 15:09:12,526 [INFO] DbMcus:217 - Found 4718 MCUs, 4718 are supported
2025-09-14 15:09:12,527 [INFO] ApiDb:423 - Load user favorites file /Users/samuel.meysembourg/.stm32cubeide/favorites.mcus.txt: 0 item(s)
2025-09-14 15:09:12,527 [INFO] ApiDb:427 - User favorites MCUs=[]
2025-09-14 15:09:12,527 [INFO] DbMcus:223 - Set 0 / 0 favorites MCUs
2025-09-14 15:09:12,745 [INFO] ApiDb:668 - CubeFinder database Data Model version=2.1
2025-09-14 15:09:12,745 [INFO] ApiDb:669 - CubeFinder database Configuration version=3.0.39
2025-09-14 15:09:12,745 [INFO] ApiDb:670 - CubeFinder database generation date=2025-08-25 (1756130511)
2025-09-14 15:09:12,745 [INFO] ApiDb:671 - CubeFinder database FW Pack versions=[FP-ATR-ASTRA1_V2.0.0, FP-SNS-FLIGHT1_V5.1.0, FP-SNS-MOTENV1_V5.0.0, FP-SNS-MOTENVWB1_V1.4.0, FP-SNS-SMARTAG2_V1.2.0, FP-SNS-STBOX1_V2.1.0, STM32Cube_FW_C0_V1.4.0, STM32Cube_FW_F4_V1.28.3, STM32Cube_FW_F7_V1.17.4, STM32Cube_FW_G0_V1.6.2, STM32Cube_FW_G4_V1.6.1, STM32Cube_FW_H5_V1.5.0, STM32Cube_FW_H7RS_V1.2.0, STM32Cube_FW_H7_V1.12.1, STM32Cube_FW_L0_V1.12.2, STM32Cube_FW_L4_V1.18.1, STM32Cube_FW_L5_V1.5.1, STM32Cube_FW_N6_V1.2.0, STM32Cube_FW_U0_V1.3.0, STM32Cube_FW_U3_V1.2.0, STM32Cube_FW_U5_V1.8.0, STM32Cube_FW_WB0_V1.3.0, STM32Cube_FW_WBA_V1.7.0, STM32Cube_FW_WB_V1.23.0, STM32Cube_FW_WL3_V1.2.0, STM32Cube_FW_WL_V1.3.1, X-CUBE-ALGOBUILD_V1.4.0, X-CUBE-ALS_V1.0.2, X-CUBE-AZRTOS-F4_V1.1.0, X-CUBE-AZRTOS-F7_V1.1.0, X-CUBE-AZRTOS-G0_V1.1.0, X-CUBE-AZRTOS-G4_V2.0.0, X-CUBE-AZRTOS-H7RS_V1.1.0, X-CUBE-AZRTOS-H7_V3.4.0, X-CUBE-AZRTOS-L4_V2.0.0, X-CUBE-AZRTOS-L5_V2.0.0, X-CUBE-AZRTOS-WB_V2.0.0, X-CUBE-AZRTOS-WL_V2.0.0, X-CUBE-BLE1_V7.1.0, X-CUBE-BLE2_V3.3.0, X-CUBE-BLEMGR_V4.1.0, X-CUBE-EEPRMA1_V5.2.0, X-CUBE-FREERTOS_V1.3.1, X-CUBE-GNSS1_V6.0.0, X-CUBE-MEMS1_V11.3.0, X-CUBE-NFC4_V3.0.0, X-CUBE-NFC7_V2.0.0, X-CUBE-SFXS2LP1_V4.0.0, X-CUBE-ST67W61_V1.0.0, X-CUBE-SUBG2_V5.0.0, X-CUBE-TOF1_V3.4.3]
2025-09-14 15:09:12,765 [INFO] DbBoardsSqlite:226 - include board P-NUCLEO-WB55-NUCLEO as a kit item of type 'Nucleo-64'
2025-09-14 15:09:12,765 [INFO] DbBoardsSqlite:226 - include board P-NUCLEO-WB55-USBDONGLE as a kit item of type 'Nucleo USB Dongle'
2025-09-14 15:09:12,765 [INFO] DbBoardsSqlite:226 - include board STEVAL-IDP005V1 as a kit item of type 'Evaluation Board'
2025-09-14 15:09:12,766 [INFO] DbBoardsSqlite:226 - include board STEVAL-IDP005V2 as a kit item of type 'Evaluation Board'
2025-09-14 15:09:12,785 [INFO] ApiDb:240 - Found 323 in-development CPN: [B-G473E-ZEST1S, B-WB1M-WPAN1, B-WL5M-SUBG1, NUCLEO-C031C6, NUCLEO-H503RB, NUCLEO-H563ZI, NUCLEO-U545RE-Q, NUCLEO-U5A5ZJ-Q, NUCLEO-WBA52CG, STEVAL-PROTEUS1, STEVAL-SMARTAG2, STEVAL-STWINBX1, STM320518-EVAL, STM32C0116-DK, STM32C011D6Y3TR, STM32C011D6Y6TR, STM32C011F4P3, STM32C011F4P6, STM32C011F4U3, STM32C011F4U6TR, STM32C011F6P3, STM32C011F6P6, STM32C011F6U3, STM32C011F6U6TR, STM32C011J4M3, STM32C011J4M6, STM32C011J6M3, STM32C011J6M6, STM32C0316-DK, STM32C031C4T3, STM32C031C4T6, STM32C031C4U3, STM32C031C4U6, STM32C031C6T3, STM32C031C6T6, STM32C031C6U3, STM32C031C6U6, STM32C031F4P3, STM32C031F4P6, STM32C031F6P3, STM32C031F6P6, STM32C031G4U3, STM32C031G4U6, STM32C031G6U3, STM32C031G6U6, STM32C031K4T3, STM32C031K4T6, STM32C031K4U3, STM32C031K4U6, STM32C031K6T3, STM32C031K6T6, STM32C031K6U3, STM32C031K6U6, STM32G071K8TXN, STM32G071K8UXN, STM32G081GBU6N, STM32G081KBT6N, STM32G081KBUXN, STM32G0B1CCT6N, STM32G0B1KCT6, STM32G0B1NEY6TR, STM32G0B1RCT6N, STM32G0C1CCT6, STM32G0C1CCT6N, STM32G0C1CCU6N, STM32G0C1CET6N, STM32G0C1CEU6N, STM32G0C1KCT6, STM32G0C1NEY6TR, STM32G0C1RCI6N, STM32G0C1RCT6N, STM32G0C1REI6N, STM32G0C1RET6N, STM32G0C1VCI6, STM32G0C1VEI6, STM32G471CCT6, STM32G471CCU6, STM32G471CET3, STM32G471CET6, STM32G471CEU3, STM32G471CEU6, STM32G471MCT6, STM32G471MET3, STM32G471MET6, STM32G471MEY6TR, STM32G471QCT6, STM32G471QET3, STM32G471RCT6, STM32G471RET3, STM32G471RET6, STM32G471VCH6, STM32G471VCI6, STM32G471VCT6, STM32G471VEH3, STM32G471VEH6, STM32G471VEI3, STM32G471VEI6, STM32G471VET3, STM32G471VET6, STM32G474CCT6, STM32H503CBT6, STM32H503CBU6, STM32H503EBY6TR, STM32H503KBU6, STM32H503RBT6, STM32H562AGI6, STM32H562AII6, STM32H562IGK6, STM32H562IGT6, STM32H562IIK6, STM32H562IIT6, STM32H562RGT6, STM32H562RGV6, STM32H562RIT6, STM32H562RIV6, STM32H562VGT6, STM32H562VIT6, STM32H562ZGT6, STM32H562ZIT6, STM32H563AGI6, STM32H563AII3Q, STM32H563AII6, STM32H563IGK6, STM32H563IGT6, STM32H563IIK3Q, STM32H563IIK6, STM32H563IIT3Q, STM32H563IIT6, STM32H563MIY3QTR, STM32H563RGT6, STM32H563RGV6, STM32H563RIT6, STM32H563RIV6, STM32H563VGT6, STM32H563VIT3Q, STM32H563VIT6, STM32H563ZGT6, STM32H563ZIT3Q, STM32H563ZIT6, STM32H573AII3Q, STM32H573AII6, STM32H573I-DK, STM32H573IIK3Q, STM32H573IIK6, STM32H573IIT3Q, STM32H573IIT6, STM32H573MIY3QTR, STM32H573RIT6, STM32H573RIV6, STM32H573VIT3Q, STM32H573VIT6, STM32H573ZIT3Q, STM32H573ZIT6, STM32L4R5QGI6STR, STM32MP131AAE3, STM32MP131AAF3, STM32MP131AAG3, STM32MP131CAE3, STM32MP131CAF3, STM32MP131CAG3, STM32MP131DAE7, STM32MP131DAF7, STM32MP131DAG7, STM32MP131FAE7, STM32MP131FAF7, STM32MP131FAG7, STM32MP133AAE3, STM32MP133AAF3, STM32MP133AAG3, STM32MP133CAE3, STM32MP133CAF3, STM32MP133CAG3, STM32MP133DAE7, STM32MP133DAF7, STM32MP133DAG7, STM32MP133FAE7, STM32MP133FAF7, STM32MP133FAG7, STM32MP135AAE3, STM32MP135AAF3, STM32MP135AAG3, STM32MP135CAE3, STM32MP135CAF3, STM32MP135CAG3, STM32MP135DAE7, STM32MP135DAF7, STM32MP135DAG7, STM32MP135F-DK, STM32MP135FAE7, STM32MP135FAF7, STM32MP135FAF7T, STM32MP135FAF7U, STM32MP135FAG7, STM32U535CBT6, STM32U535CBT6Q, STM32U535CBU6, STM32U535CBU6Q, STM32U535CCT6, STM32U535CCT6Q, STM32U535CCU6, STM32U535CCU6Q, STM32U535CET6, STM32U535CET6Q, STM32U535CEU6, STM32U535CEU6Q, STM32U535JEY6QTR, STM32U535NCY6QTR, STM32U535NEY6QTR, STM32U535RBI6, STM32U535RBI6Q, STM32U535RBT6, STM32U535RBT6Q, STM32U535RCI6, STM32U535RCI6Q, STM32U535RCT6, STM32U535RCT6Q, STM32U535REI6, STM32U535REI6Q, STM32U535RET6, STM32U535RET6Q, STM32U535VCI6, STM32U535VCI6Q, STM32U535VCT6, STM32U535VCT6Q, STM32U535VEI6, STM32U535VEI6Q, STM32U535VET6, STM32U535VET6Q, STM32U545CET6, STM32U545CET6Q, STM32U545CEU6, STM32U545CEU6Q, STM32U545JEY6QTR, STM32U545NEY6QTR, STM32U545REI6, STM32U545REI6Q, STM32U545RET6, STM32U545RET6Q, STM32U545VEI6, STM32U545VEI6Q, STM32U545VET6, STM32U545VET6Q, STM32U595AIH6, STM32U595AIH6Q, STM32U595AJH6, STM32U595AJH6Q, STM32U595QII6, STM32U595QII6Q, STM32U595QJI6, STM32U595QJI6Q, STM32U595RIT6, STM32U595RIT6Q, STM32U595RJT6, STM32U595RJT6Q, STM32U595VIT6, STM32U595VIT6Q, STM32U595VJT6, STM32U595VJT6Q, STM32U595ZIT6, STM32U595ZIT6Q, STM32U595ZIY6QTR, STM32U595ZJT6, STM32U595ZJT6Q, STM32U595ZJY6QTR, STM32U599BJY6QTR, STM32U599NIH6Q, STM32U599NJH6Q, STM32U599VIT6Q, STM32U599VJT6, STM32U599VJT6Q, STM32U599ZIT6Q, STM32U599ZIY6QTR, STM32U599ZJT6Q, STM32U599ZJY6QTR, STM32U5A5AJH6, STM32U5A5AJH6Q, STM32U5A5QJI6, STM32U5A5QJI6Q, STM32U5A5RJT6, STM32U5A5RJT6Q, STM32U5A5VJT6, STM32U5A5VJT6Q, STM32U5A5ZJT6, STM32U5A5ZJT6Q, STM32U5A5ZJY6QTR, STM32U5A9BJY6QTR, STM32U5A9J-DK, STM32U5A9NJH6Q, STM32U5A9VJT6Q, STM32U5A9ZJT6Q, STM32U5A9ZJY6QTR, STM32U5F7VIT6, STM32U5F7VIT6Q, STM32U5F7VJT6, STM32U5F7VJT6Q, STM32U5F9BJY6QTR, STM32U5F9NJH6Q, STM32U5F9VIT6Q, STM32U5F9VJT6Q, STM32U5F9ZIJ6QTR, STM32U5F9ZIT6Q, STM32U5F9ZJJ6QTR, STM32U5F9ZJT6Q, STM32U5G7VJT6, STM32U5G7VJT6Q, STM32U5G9BJY6QTR, STM32U5G9J-DK1, STM32U5G9J-DK2, STM32U5G9NJH6Q, STM32U5G9VJT6Q, STM32U5G9ZJJ6QTR, STM32U5G9ZJT6Q, STM32WB1MMCH6, STM32WBA52CEU6, STM32WBA52CEU6T, STM32WBA52CGU6, STM32WBA52CGU6T, STM32WBA52KEU6, STM32WBA52KEU6T, STM32WBA52KGU6, STM32WBA52KGU6T, STM32WL5MOCH6, STM32WL5MOCH6TR]
2025-09-14 15:09:12,797 [INFO] BoardInfo:880 - No configuration file found for board B-WBA5M-WPAN
2025-09-14 15:09:12,797 [INFO] DbBoards:157 - Board is not supported: B-WBA5M-WPAN
2025-09-14 15:09:12,799 [INFO] BoardInfo:880 - No configuration file found for board NUCLEO-C051C8
2025-09-14 15:09:12,799 [INFO] DbBoards:157 - Board is not supported: NUCLEO-C051C8
2025-09-14 15:09:12,799 [INFO] BoardInfo:880 - No configuration file found for board NUCLEO-C071RB
2025-09-14 15:09:12,799 [INFO] DbBoards:157 - Board is not supported: NUCLEO-C071RB
2025-09-14 15:09:12,800 [INFO] BoardInfo:880 - No configuration file found for board NUCLEO-C092RC
2025-09-14 15:09:12,800 [INFO] DbBoards:157 - Board is not supported: NUCLEO-C092RC
2025-09-14 15:09:12,822 [INFO] BoardInfo:880 - No configuration file found for board NUCLEO-H533RE
2025-09-14 15:09:12,822 [INFO] DbBoards:157 - Board is not supported: NUCLEO-H533RE
2025-09-14 15:09:12,827 [INFO] BoardInfo:880 - No configuration file found for board NUCLEO-H7S3L8
2025-09-14 15:09:12,827 [INFO] DbBoards:157 - Board is not supported: NUCLEO-H7S3L8
2025-09-14 15:09:12,837 [INFO] BoardInfo:880 - No configuration file found for board NUCLEO-N657X0-Q
2025-09-14 15:09:12,837 [INFO] DbBoards:157 - Board is not supported: NUCLEO-N657X0-Q
2025-09-14 15:09:12,838 [INFO] BoardInfo:880 - No configuration file found for board NUCLEO-U031R8
2025-09-14 15:09:12,838 [INFO] DbBoards:157 - Board is not supported: NUCLEO-U031R8
2025-09-14 15:09:12,839 [INFO] BoardInfo:880 - No configuration file found for board NUCLEO-U083RC
2025-09-14 15:09:12,839 [INFO] DbBoards:157 - Board is not supported: NUCLEO-U083RC
2025-09-14 15:09:12,839 [INFO] BoardInfo:880 - No configuration file found for board NUCLEO-U385RG-Q
2025-09-14 15:09:12,839 [INFO] DbBoards:157 - Board is not supported: NUCLEO-U385RG-Q
2025-09-14 15:09:12,841 [INFO] BoardInfo:880 - No configuration file found for board NUCLEO-WB05KZ
2025-09-14 15:09:12,841 [INFO] DbBoards:157 - Board is not supported: NUCLEO-WB05KZ
2025-09-14 15:09:12,842 [INFO] BoardInfo:880 - No configuration file found for board NUCLEO-WB07CC
2025-09-14 15:09:12,842 [INFO] DbBoards:157 - Board is not supported: NUCLEO-WB07CC
2025-09-14 15:09:12,842 [INFO] BoardInfo:880 - No configuration file found for board NUCLEO-WB09KE
2025-09-14 15:09:12,842 [INFO] DbBoards:157 - Board is not supported: NUCLEO-WB09KE
2025-09-14 15:09:12,844 [INFO] BoardInfo:880 - No configuration file found for board NUCLEO-WBA55CG
2025-09-14 15:09:12,844 [INFO] DbBoards:157 - Board is not supported: NUCLEO-WBA55CG
2025-09-14 15:09:12,845 [INFO] BoardInfo:880 - No configuration file found for board NUCLEO-WBA65RI
2025-09-14 15:09:12,845 [INFO] DbBoards:157 - Board is not supported: NUCLEO-WBA65RI
2025-09-14 15:09:12,845 [INFO] BoardInfo:880 - No configuration file found for board NUCLEO-WL33CC1
2025-09-14 15:09:12,845 [INFO] DbBoards:157 - Board is not supported: NUCLEO-WL33CC1
2025-09-14 15:09:12,846 [INFO] BoardInfo:880 - No configuration file found for board NUCLEO-WL33CC2
2025-09-14 15:09:12,846 [INFO] DbBoards:157 - Board is not supported: NUCLEO-WL33CC2
2025-09-14 15:09:12,849 [INFO] BoardInfo:880 - No configuration file found for board P-NUCLEO-WB55
2025-09-14 15:09:12,849 [INFO] DbBoards:157 - Kit is not supported: P-NUCLEO-WB55
2025-09-14 15:09:12,851 [INFO] BoardInfo:880 - No configuration file found for board STEVAL-BFA001V1B
2025-09-14 15:09:12,851 [INFO] DbBoards:157 - Kit is not supported: STEVAL-BFA001V1B
2025-09-14 15:09:12,852 [INFO] BoardInfo:880 - No configuration file found for board STEVAL-BFA001V2B
2025-09-14 15:09:12,852 [INFO] DbBoards:157 - Kit is not supported: STEVAL-BFA001V2B
2025-09-14 15:09:12,853 [INFO] BoardInfo:880 - No configuration file found for board STEVAL-MKBOXPRO
2025-09-14 15:09:12,853 [INFO] DbBoards:157 - Board is not supported: STEVAL-MKBOXPRO
2025-09-14 15:09:12,897 [INFO] BoardInfo:880 - No configuration file found for board STM32H7S78-DK
2025-09-14 15:09:12,897 [INFO] DbBoards:157 - Board is not supported: STM32H7S78-DK
2025-09-14 15:09:12,908 [INFO] BoardInfo:880 - No configuration file found for board STM32MP257F-DK
2025-09-14 15:09:12,909 [INFO] DbBoards:157 - Board is not supported: STM32MP257F-DK
2025-09-14 15:09:12,909 [INFO] BoardInfo:880 - No configuration file found for board STM32MP257F-EV1
2025-09-14 15:09:12,909 [INFO] DbBoards:157 - Board is not supported: STM32MP257F-EV1
2025-09-14 15:09:12,910 [INFO] BoardInfo:880 - No configuration file found for board STM32N6570-DK
2025-09-14 15:09:12,910 [INFO] DbBoards:157 - Board is not supported: STM32N6570-DK
2025-09-14 15:09:12,910 [INFO] BoardInfo:880 - No configuration file found for board STM32U083C-DK
2025-09-14 15:09:12,911 [INFO] DbBoards:157 - Board is not supported: STM32U083C-DK
2025-09-14 15:09:12,914 [INFO] BoardInfo:880 - No configuration file found for board STM32WBA55G-DK1
2025-09-14 15:09:12,915 [INFO] DbBoards:157 - Board is not supported: STM32WBA55G-DK1
2025-09-14 15:09:12,916 [INFO] BoardInfo:880 - No configuration file found for board STM32WBA65I-DK1
2025-09-14 15:09:12,916 [INFO] DbBoards:157 - Board is not supported: STM32WBA65I-DK1
2025-09-14 15:09:12,916 [INFO] DbBoards:161 - Found 211 boards, 183 are supported
2025-09-14 15:09:12,918 [INFO] ApiDb:414 - User favorites file not found: /Users/samuel.meysembourg/.stm32cubeide/favorites.boards.txt
2025-09-14 15:09:12,918 [INFO] DbBoards:190 - Set 0 / 0 favorites Boards
2025-09-14 15:09:12,920 [INFO] ApiDb:668 - CubeFinder database Data Model version=2.1
2025-09-14 15:09:12,920 [INFO] ApiDb:669 - CubeFinder database Configuration version=3.0.39
2025-09-14 15:09:12,920 [INFO] ApiDb:670 - CubeFinder database generation date=2025-08-25 (1756130511)
2025-09-14 15:09:12,920 [INFO] ApiDb:671 - CubeFinder database FW Pack versions=[FP-ATR-ASTRA1_V2.0.0, FP-SNS-FLIGHT1_V5.1.0, FP-SNS-MOTENV1_V5.0.0, FP-SNS-MOTENVWB1_V1.4.0, FP-SNS-SMARTAG2_V1.2.0, FP-SNS-STBOX1_V2.1.0, STM32Cube_FW_C0_V1.4.0, STM32Cube_FW_F4_V1.28.3, STM32Cube_FW_F7_V1.17.4, STM32Cube_FW_G0_V1.6.2, STM32Cube_FW_G4_V1.6.1, STM32Cube_FW_H5_V1.5.0, STM32Cube_FW_H7RS_V1.2.0, STM32Cube_FW_H7_V1.12.1, STM32Cube_FW_L0_V1.12.2, STM32Cube_FW_L4_V1.18.1, STM32Cube_FW_L5_V1.5.1, STM32Cube_FW_N6_V1.2.0, STM32Cube_FW_U0_V1.3.0, STM32Cube_FW_U3_V1.2.0, STM32Cube_FW_U5_V1.8.0, STM32Cube_FW_WB0_V1.3.0, STM32Cube_FW_WBA_V1.7.0, STM32Cube_FW_WB_V1.23.0, STM32Cube_FW_WL3_V1.2.0, STM32Cube_FW_WL_V1.3.1, X-CUBE-ALGOBUILD_V1.4.0, X-CUBE-ALS_V1.0.2, X-CUBE-AZRTOS-F4_V1.1.0, X-CUBE-AZRTOS-F7_V1.1.0, X-CUBE-AZRTOS-G0_V1.1.0, X-CUBE-AZRTOS-G4_V2.0.0, X-CUBE-AZRTOS-H7RS_V1.1.0, X-CUBE-AZRTOS-H7_V3.4.0, X-CUBE-AZRTOS-L4_V2.0.0, X-CUBE-AZRTOS-L5_V2.0.0, X-CUBE-AZRTOS-WB_V2.0.0, X-CUBE-AZRTOS-WL_V2.0.0, X-CUBE-BLE1_V7.1.0, X-CUBE-BLE2_V3.3.0, X-CUBE-BLEMGR_V4.1.0, X-CUBE-EEPRMA1_V5.2.0, X-CUBE-FREERTOS_V1.3.1, X-CUBE-GNSS1_V6.0.0, X-CUBE-MEMS1_V11.3.0, X-CUBE-NFC4_V3.0.0, X-CUBE-NFC7_V2.0.0, X-CUBE-SFXS2LP1_V4.0.0, X-CUBE-ST67W61_V1.0.0, X-CUBE-SUBG2_V5.0.0, X-CUBE-TOF1_V3.4.3]
2025-09-14 15:09:13,441 [ERROR] DbExamplesSqlite:437 - Missing JSON key: board_cpn
2025-09-14 15:09:13,443 [ERROR] DbExamplesSqlite:437 - Missing JSON key: board_cpn
2025-09-14 15:09:13,443 [ERROR] DbExamplesSqlite:437 - Missing JSON key: board_cpn
2025-09-14 15:09:13,443 [ERROR] DbExamplesSqlite:437 - Missing JSON key: board_cpn
2025-09-14 15:09:13,677 [ERROR] DbExamplesSqlite:437 - Missing JSON key: board_cpn
2025-09-14 15:09:13,677 [ERROR] DbExamplesSqlite:437 - Missing JSON key: board_cpn
2025-09-14 15:09:13,681 [INFO] DbExamplesSqlite:395 - Ignored 33 examples not supported by CubeIDE
2025-09-14 15:09:13,681 [INFO] DbExamplesSqlite:396 - Found 10871 examples active
2025-09-14 15:09:13,682 [INFO] DbExamplesSqlite:397 - Found 0 examples obsolete
2025-09-14 15:09:13,682 [INFO] DbExamplesSqlite:398 - Found 0 examples under development
2025-09-14 15:09:13,682 [INFO] DbExamplesSqlite:399 - Found 65 examples not building
2025-09-14 15:09:13,686 [INFO] DbExamples:125 - Found 10903 examples
2025-09-14 15:09:13,703 [INFO] DbExamples:222 - Found 134 boards with related examples
2025-09-14 15:09:13,704 [INFO] DbExamples:235 - Found 111 MCUs with related examples
2025-09-14 15:09:13,720 [INFO] ApiDb:414 - User favorites file not found: /Users/samuel.meysembourg/.stm32cubeide/favorites.examples.txt
2025-09-14 15:09:13,720 [INFO] DbExamples:250 - Set 0 / 0 favorites Examples
2025-09-14 15:09:13,985 [INFO] McuFinderGlobals:76 - Set McuFinderConnectedMode to true
2025-09-14 15:09:13,992 [INFO] MultiScanPanel:200 - Auto-refresh data requested => check proxy status ongoing
2025-09-14 15:09:13,993 [INFO] FinderPluginLoader:95 - Searching for filters in installed packs
2025-09-14 15:09:15,059 [INFO] LoadUrlFilesThread:185 - End of LoadServerUrlFiles without Thread
2025-09-14 15:09:15,123 [INFO] DetailPanel:341 - Set advertising image to /Users/samuel.meysembourg/STM32Cube/Repository//en.2400x1350px.jpeg
2025-09-14 15:10:26,857 [INFO] MultiScanPanel:200 - Auto-refresh data requested => check proxy status ongoing
2025-09-14 15:10:27,034 [INFO] LoadUrlFilesThread:185 - End of LoadServerUrlFiles without Thread
2025-09-14 15:10:27,034 [INFO] DetailPanel:341 - Set advertising image to /Users/samuel.meysembourg/STM32Cube/Repository//en.2400x1350px.jpeg
2025-09-14 15:10:27,051 [INFO] DbBoards:634 - Loading board mini-images...
2025-09-14 15:10:28,273 [INFO] DbBoards:657 - Loaded 211 board mini-images
2025-09-14 15:11:25,565 [INFO] MainUpdater:2868 - connection check result : 10
2025-09-14 15:11:25,566 [INFO] MainUpdater:2868 - connection check result : 10
2025-09-14 15:11:25,794 [INFO] MicroXplorer:468 - Change Database Path : 
2025-09-14 15:11:25,794 [INFO] MicroXplorer:498 - Change Database Version : DB.6.0.91
2025-09-14 15:11:25,796 [WARN] ThirdParty:871 - waiting for thirdparty lock release [close project]
2025-09-14 15:11:25,796 [INFO] ThirdParty:873 - entering critical section [close project]
2025-09-14 15:11:25,799 [INFO] ThirdParty:883 - exiting critical section [close project]
2025-09-14 15:11:25,802 [INFO] PinOutPanel:1499 - setPackage(No Configuration,No Configuration)
2025-09-14 15:11:25,850 [INFO] UtilMem:75 - Begin LoadConfig() Used Memory: 916680608 Bytes (1073741824)
2025-09-14 15:11:25,866 [INFO] MicroXplorer:468 - Change Database Path : 
2025-09-14 15:11:25,866 [INFO] MicroXplorer:498 - Change Database Version : DB.6.0.91
2025-09-14 15:11:25,866 [INFO] OpenFileManager:308 - Change cursor
2025-09-14 15:11:25,951 [INFO] Mcu:1946 - Initializing MCU STM32L552Z(C-E)TxQ STM32L552ZETxQ STM32L552ZET6Q
2025-09-14 15:11:26,707 [WARN] Context:676 - Trying to add IP FREERTOS in context CortexM33 not assigned to a contextSplit
2025-09-14 15:11:26,875 [WARN] Context:676 - Trying to add IP PWR in context CortexM33 not assigned to a contextSplit
2025-09-14 15:11:26,894 [WARN] Context:676 - Trying to add IP RCC in context CortexM33 not assigned to a contextSplit
2025-09-14 15:11:26,937 [WARN] Context:676 - Trying to add IP RTC in context CortexM33 not assigned to a contextSplit
2025-09-14 15:11:27,151 [WARN] Context:676 - Trying to add IP SYS in context CortexM33 not assigned to a contextSplit
2025-09-14 15:11:27,202 [WARN] Context:676 - Trying to add IP TAMP in context CortexM33 not assigned to a contextSplit
2025-09-14 15:11:28,091 [INFO] Context:659 - Trying to add GPIOservice into a context  which must be forbidden
2025-09-14 15:11:28,093 [INFO] Context:659 - Trying to add GPIOservice into a context  which must be forbidden
2025-09-14 15:11:28,093 [INFO] Context:659 - Trying to add GPIOservice into a context  which must be forbidden
2025-09-14 15:11:28,093 [WARN] Context:676 - Trying to add IP GPIO in context CortexM33 not assigned to a contextSplit
2025-09-14 15:11:28,123 [WARN] Context:676 - Trying to add IP DMA in context CortexM33 not assigned to a contextSplit
2025-09-14 15:11:28,213 [WARN] Context:676 - Trying to add IP NVIC2 in context CortexM33 not assigned to a contextSplit
2025-09-14 15:11:29,318 [INFO] RtosManager:555 - Registered RTOS mode: class=CMSIS, group=RTOS, mode=CMSIS_V1, owner=FREERTOS
2025-09-14 15:11:29,320 [INFO] RtosManager:555 - Registered RTOS mode: class=CMSIS, group=RTOS2, mode=CMSIS_V2, owner=FREERTOS
2025-09-14 15:11:29,320 [INFO] RtosManager:555 - Registered RTOS mode: class=RTOS, group=Core, mode=CMSIS_V1, owner=FREERTOS
2025-09-14 15:11:29,320 [INFO] RtosManager:555 - Registered RTOS mode: class=RTOS, group=Core, mode=CMSIS_V2, owner=FREERTOS
2025-09-14 15:11:29,320 [WARN] ModelIntegratedComponent:184 - Missing modes for component STMicroelectronics:FreeRTOS:0.0.1:STMicroelectronics:RTOS:FreeRTOS:Core:::10.2.0:
2025-09-14 15:11:29,364 [WARN] ModelIntegratedComponent:63 - No mode defined for component null
2025-09-14 15:11:29,364 [WARN] ModelIntegratedComponent:63 - No mode defined for component null
2025-09-14 15:11:29,364 [WARN] ModelIntegratedComponent:63 - No mode defined for component null
2025-09-14 15:11:29,364 [WARN] ModelIntegratedComponent:63 - No mode defined for component null
2025-09-14 15:11:29,364 [WARN] ModelIntegratedComponent:63 - No mode defined for component null
2025-09-14 15:11:29,364 [WARN] ModelIntegratedComponent:63 - No mode defined for component null
2025-09-14 15:11:29,364 [WARN] ModelIntegratedComponent:63 - No mode defined for component null
2025-09-14 15:11:29,364 [WARN] ModelIntegratedComponent:63 - No mode defined for component null
2025-09-14 15:11:29,364 [WARN] ModelIntegratedComponent:63 - No mode defined for component null
2025-09-14 15:11:29,364 [WARN] ModelIntegratedComponent:63 - No mode defined for component null
2025-09-14 15:11:29,364 [WARN] ModelIntegratedComponent:63 - No mode defined for component null
2025-09-14 15:11:29,364 [WARN] ModelIntegratedComponent:63 - No mode defined for component null
2025-09-14 15:11:29,364 [WARN] ModelIntegratedComponent:63 - No mode defined for component null
2025-09-14 15:11:29,364 [WARN] ModelIntegratedComponent:63 - No mode defined for component null
2025-09-14 15:11:29,364 [WARN] ModelIntegratedComponent:63 - No mode defined for component null
2025-09-14 15:11:29,364 [WARN] ModelIntegratedComponent:63 - No mode defined for component null
2025-09-14 15:11:29,364 [WARN] ModelIntegratedComponent:63 - No mode defined for component null
2025-09-14 15:11:29,364 [WARN] ModelIntegratedComponent:63 - No mode defined for component null
2025-09-14 15:11:29,364 [WARN] ModelIntegratedComponent:63 - No mode defined for component null
2025-09-14 15:11:29,364 [WARN] ModelIntegratedComponent:63 - No mode defined for component null
2025-09-14 15:11:29,364 [WARN] ModelIntegratedComponent:63 - No mode defined for component null
2025-09-14 15:11:29,364 [WARN] ModelIntegratedComponent:63 - No mode defined for component null
2025-09-14 15:11:29,364 [WARN] ModelIntegratedComponent:63 - No mode defined for component null
2025-09-14 15:11:29,364 [WARN] ModelIntegratedComponent:63 - No mode defined for component null
2025-09-14 15:11:29,364 [WARN] ModelIntegratedComponent:63 - No mode defined for component null
2025-09-14 15:11:29,364 [WARN] ModelIntegratedComponent:63 - No mode defined for component null
2025-09-14 15:11:29,364 [WARN] ModelIntegratedComponent:63 - No mode defined for component null
2025-09-14 15:11:29,364 [WARN] ModelIntegratedComponent:63 - No mode defined for component null
2025-09-14 15:11:29,364 [WARN] ModelIntegratedComponent:63 - No mode defined for component null
2025-09-14 15:11:29,364 [WARN] ModelIntegratedComponent:63 - No mode defined for component null
2025-09-14 15:11:29,364 [WARN] ModelIntegratedComponent:63 - No mode defined for component null
2025-09-14 15:11:29,364 [WARN] ModelIntegratedComponent:63 - No mode defined for component null
2025-09-14 15:11:29,365 [WARN] ModelIntegratedComponent:63 - No mode defined for component null
2025-09-14 15:11:29,484 [INFO] ThirdPartyModel:298 - Start build external matchings
2025-09-14 15:11:29,700 [INFO] ThirdPartyModel:316 - End build external matchings
2025-09-14 15:11:29,756 [INFO] ImportTextPane:194 - (OptionalMessage_ERROR) IP (ADC1) : Parameter (CommonPathInternal) has invalid value (null|null|null|null)
2025-09-14 15:11:29,761 [INFO] ImportTextPane:194 - (OptionalMessage_ERROR) IP (RCC) : Invalid parameter (FamilyName)
2025-09-14 15:11:30,347 [INFO] UtilMem:75 - End LoadConfig() Used Memory: 924873728 Bytes (1073741824)
2025-09-14 15:11:30,450 [WARN] ThirdParty:833 - waiting for thirdparty lock release [change project]
2025-09-14 15:11:30,452 [INFO] ThirdParty:835 - entering critical section [change project]
2025-09-14 15:11:30,452 [INFO] ThirdParty:1030 - CMSIS Pack Vendor :STMicroelectronics X-CUBE-PM33A1 1.0.0
2025-09-14 15:11:30,452 [INFO] ThirdParty:1030 - CMSIS Pack Vendor :STMicroelectronics USBPD 4.1
2025-09-14 15:11:30,452 [INFO] ThirdParty:1030 - CMSIS Pack Vendor :STMicroelectronics X-CUBE-NFC9 1.0.0
2025-09-14 15:11:30,452 [INFO] ThirdParty:1030 - CMSIS Pack Vendor :STMicroelectronics USB_HOST 2.0.0
2025-09-14 15:11:30,452 [INFO] ThirdParty:1030 - CMSIS Pack Vendor :STMicroelectronics FP-SNS-MOTENVWB1 1.4.0
2025-09-14 15:11:30,452 [INFO] ThirdParty:1030 - CMSIS Pack Vendor :STMicroelectronics X-CUBE-AZRTOS-F4 1.1.0
2025-09-14 15:11:30,452 [INFO] ThirdParty:1030 - CMSIS Pack Vendor :STMicroelectronics LIBJPEG 8.0.0
2025-09-14 15:11:30,452 [INFO] ThirdParty:1030 - CMSIS Pack Vendor :STMicroelectronics FP-ATR-ASTRA1 2.0.2
2025-09-14 15:11:30,452 [INFO] ThirdParty:1030 - CMSIS Pack Vendor :wolfSSL I-CUBE-wolfSSL 5.8.2
2025-09-14 15:11:30,452 [INFO] ThirdParty:1030 - CMSIS Pack Vendor :STMicroelectronics X-CUBE-BLE1 7.1.0
2025-09-14 15:11:30,452 [INFO] ThirdParty:1030 - CMSIS Pack Vendor :STMicroelectronics X-CUBE-SMBUS 2.1.0
2025-09-14 15:11:30,452 [INFO] ThirdParty:1030 - CMSIS Pack Vendor :wolfSSL I-CUBE-wolfMQTT 1.19.2
2025-09-14 15:11:30,452 [INFO] ThirdParty:1030 - CMSIS Pack Vendor :STMicroelectronics USB_DEVICE 3.0.0
2025-09-14 15:11:30,452 [INFO] ThirdParty:1030 - CMSIS Pack Vendor :STMicroelectronics X-CUBE-ISPU 2.1.0
2025-09-14 15:11:30,452 [INFO] ThirdParty:1030 - CMSIS Pack Vendor :STMicroelectronics X-CUBE-EEPRMA1 5.2.0
2025-09-14 15:11:30,452 [INFO] ThirdParty:1030 - CMSIS Pack Vendor :STMicroelectronics X-CUBE-AZRTOS-WB 2.0.0
2025-09-14 15:11:30,452 [INFO] ThirdParty:1030 - CMSIS Pack Vendor :STMicroelectronics X-CUBE-GNSS1 7.0.1
2025-09-14 15:11:30,452 [INFO] ThirdParty:1030 - CMSIS Pack Vendor :STMicroelectronics X-CUBE-NFC12 1.0.0
2025-09-14 15:11:30,452 [INFO] ThirdParty:1030 - CMSIS Pack Vendor :STMicroelectronics X-CUBE-AZRTOS-F7 1.1.0
2025-09-14 15:11:30,452 [INFO] ThirdParty:1030 - CMSIS Pack Vendor :STMicroelectronics X-CUBE-AZRTOS-L5 2.0.0
2025-09-14 15:11:30,453 [INFO] ThirdParty:1030 - CMSIS Pack Vendor :STMicroelectronics X-CUBE-TOUCHGFX 4.25.0
2025-09-14 15:11:30,453 [INFO] ThirdParty:1030 - CMSIS Pack Vendor :STMicroelectronics USB_DEVICE 2.0.0
2025-09-14 15:11:30,453 [INFO] ThirdParty:1030 - CMSIS Pack Vendor :STMicroelectronics X-CUBE-NFC6 3.1.0
2025-09-14 15:11:30,453 [INFO] ThirdParty:1030 - CMSIS Pack Vendor :STMicroelectronics FreeRTOS 0.0.1
2025-09-14 15:11:30,453 [INFO] ThirdParty:1030 - CMSIS Pack Vendor :STMicroelectronics X-CUBE-AZRTOS-G0 1.1.0
2025-09-14 15:11:30,453 [INFO] ThirdParty:1030 - CMSIS Pack Vendor :STMicroelectronics X-CUBE-SAFEA1 1.2.2
2025-09-14 15:11:30,453 [INFO] ThirdParty:1030 - CMSIS Pack Vendor :STMicroelectronics X-CUBE-NFC4 3.0.0
2025-09-14 15:11:30,453 [INFO] ThirdParty:1030 - CMSIS Pack Vendor :STMicroelectronics X-CUBE-SUBG2 5.0.0
2025-09-14 15:11:30,453 [INFO] ThirdParty:1030 - CMSIS Pack Vendor :STMicroelectronics X-CUBE-AZRTOS-H7RS 1.1.0
2025-09-14 15:11:30,453 [INFO] ThirdParty:1030 - CMSIS Pack Vendor :STMicroelectronics STM32_WPAN 1.0.0
2025-09-14 15:11:30,453 [INFO] ThirdParty:1030 - CMSIS Pack Vendor :STMicroelectronics lwIP 2.0.3
2025-09-14 15:11:30,453 [INFO] ThirdParty:1030 - CMSIS Pack Vendor :Cesanta I-CUBE-Mongoose 7.13.0
2025-09-14 15:11:30,453 [INFO] ThirdParty:1030 - CMSIS Pack Vendor :STMicroelectronics USB_HOST 1.0.0
2025-09-14 15:11:30,453 [INFO] ThirdParty:1030 - CMSIS Pack Vendor :STMicroelectronics X-CUBE-AZRTOS-G4 2.0.0
2025-09-14 15:11:30,453 [INFO] ThirdParty:1030 - CMSIS Pack Vendor :STMicroelectronics X-CUBE-WB05N 2.0.0
2025-09-14 15:11:30,453 [INFO] ThirdParty:1030 - CMSIS Pack Vendor :STMicroelectronics PDM2PCM 3.1.0
2025-09-14 15:11:30,454 [INFO] ThirdParty:1030 - CMSIS Pack Vendor :STMicroelectronics PDM2PCM 3.3.0
2025-09-14 15:11:30,454 [INFO] ThirdParty:1030 - CMSIS Pack Vendor :wolfSSL I-CUBE-wolfTPM 3.8.0
2025-09-14 15:11:30,454 [INFO] ThirdParty:1030 - CMSIS Pack Vendor :STMicroelectronics X-CUBE-AZRTOS-H7 3.4.0
2025-09-14 15:11:30,454 [INFO] ThirdParty:1030 - CMSIS Pack Vendor :STMicroelectronics X-CUBE-DISPLAY 3.0.0
2025-09-14 15:11:30,454 [INFO] ThirdParty:1030 - CMSIS Pack Vendor :wolfSSL I-CUBE-wolfSSH 1.4.20
2025-09-14 15:11:30,454 [INFO] ThirdParty:1030 - CMSIS Pack Vendor :STMicroelectronics X-CUBE-NFC7 2.0.0
2025-09-14 15:11:30,454 [INFO] ThirdParty:1030 - CMSIS Pack Vendor :STMicroelectronics FP-ATR-SIGFOX1 3.2.0
2025-09-14 15:11:30,454 [INFO] ThirdParty:1030 - CMSIS Pack Vendor :STMicroelectronics X-CUBE-NFC10 1.0.0
2025-09-14 15:11:30,454 [INFO] ThirdParty:1030 - CMSIS Pack Vendor :STMicroelectronics X-CUBE-FREERTOS 1.3.1
2025-09-14 15:11:30,454 [INFO] ThirdParty:1030 - CMSIS Pack Vendor :STMicroelectronics HAL Drivers 0.0.0
2025-09-14 15:11:30,454 [INFO] ThirdParty:1030 - CMSIS Pack Vendor :STMicroelectronics MBEDTLS 2.16.2
2025-09-14 15:11:30,454 [INFO] ThirdParty:1030 - CMSIS Pack Vendor :STMicroelectronics X-CUBE-ALS 1.0.2
2025-09-14 15:11:30,454 [INFO] ThirdParty:1030 - CMSIS Pack Vendor :emotas I-CUBE-CANOPEN 1.3.0
2025-09-14 15:11:30,454 [INFO] ThirdParty:1030 - CMSIS Pack Vendor :STMicroelectronics MBEDTLS 2.14.1
2025-09-14 15:11:30,454 [INFO] ThirdParty:1030 - CMSIS Pack Vendor :ITTIA_DB I-CUBE-ITTIADB 8.9.0
2025-09-14 15:11:30,454 [INFO] ThirdParty:1030 - CMSIS Pack Vendor :STMicroelectronics X-CUBE-STSE01 1.0.0
2025-09-14 15:11:30,454 [INFO] ThirdParty:1030 - CMSIS Pack Vendor :STMicroelectronics X-CUBE-AI 10.2.0
2025-09-14 15:11:30,454 [INFO] ThirdParty:1030 - CMSIS Pack Vendor :STMicroelectronics ThreadX 1.0.0
2025-09-14 15:11:30,454 [INFO] ThirdParty:1030 - CMSIS Pack Vendor :STMicroelectronics FP-SNS-SMARTAG2 1.2.0
2025-09-14 15:11:30,454 [INFO] ThirdParty:1030 - CMSIS Pack Vendor :STMicroelectronics X-CUBE-AZRTOS-WL 2.0.0
2025-09-14 15:11:30,455 [INFO] ThirdParty:1030 - CMSIS Pack Vendor :SEGGER I-CUBE-embOS 1.3.1
2025-09-14 15:11:30,456 [INFO] ThirdParty:1030 - CMSIS Pack Vendor :STMicroelectronics X-CUBE-ALGOBUILD 1.4.0
2025-09-14 15:11:30,456 [INFO] ThirdParty:1030 - CMSIS Pack Vendor :STMicroelectronics X-CUBE-MEMS1 11.3.0
2025-09-14 15:11:30,457 [INFO] ThirdParty:1030 - CMSIS Pack Vendor :STMicroelectronics FP-SNS-MOTENV1 5.0.0
2025-09-14 15:11:30,457 [INFO] ThirdParty:1030 - CMSIS Pack Vendor :STMicroelectronics USB_DEVICE 1.0.0
2025-09-14 15:11:30,457 [INFO] ThirdParty:1030 - CMSIS Pack Vendor :STMicroelectronics X-CUBE-AZRTOS-L4 2.0.0
2025-09-14 15:11:30,457 [INFO] ThirdParty:1030 - CMSIS Pack Vendor :STMicroelectronics ThreadX 0.0.2
2025-09-14 15:11:30,457 [INFO] ThirdParty:1030 - CMSIS Pack Vendor :STMicroelectronics lwIP 2.1.2
2025-09-14 15:11:30,457 [INFO] ThirdParty:1030 - CMSIS Pack Vendor :STMicroelectronics X-CUBE-SFXS2LP1 4.0.0
2025-09-14 15:11:30,457 [INFO] ThirdParty:1030 - CMSIS Pack Vendor :STMicroelectronics X-CUBE-BLE2 3.3.0
2025-09-14 15:11:30,457 [INFO] ThirdParty:1030 - CMSIS Pack Vendor :STMicroelectronics PDM2PCM 3.2.0
2025-09-14 15:11:30,459 [INFO] ThirdParty:841 - exiting critical section [change project]
2025-09-14 15:11:31,169 [INFO] PinOutPanel:1499 - setPackage(No Configuration,No Configuration)
2025-09-14 15:11:31,183 [INFO] PinOutPanel:1499 - setPackage(STM32L552ZETxQ,LQFP144)
2025-09-14 15:11:32,371 [INFO] UtilMem:75 - Before build in PCC Used Memory: 944301424 Bytes (1073741824)
2025-09-14 15:11:34,372 [INFO] UtilMem:75 - After build in PCC Used Memory: 1021903416 Bytes (1073741824)
2025-09-14 15:11:34,487 [INFO] IPUIPlugin:80 - create IPUIPlugin
2025-09-14 15:11:34,488 [INFO] IPUIPlugin:80 - create IPUIPlugin
2025-09-14 15:11:34,490 [INFO] IPUIPlugin:80 - create IPUIPlugin
2025-09-14 15:11:34,494 [INFO] IPUIPlugin:80 - create IPUIPlugin
2025-09-14 15:11:34,494 [INFO] IPUIPlugin:80 - create IPUIPlugin
2025-09-14 15:11:34,494 [INFO] IPUIPlugin:80 - create IPUIPlugin
2025-09-14 15:11:34,494 [INFO] IPUIPlugin:80 - create IPUIPlugin
2025-09-14 15:11:34,494 [INFO] IPUIPlugin:80 - create IPUIPlugin
2025-09-14 15:11:34,494 [INFO] IPUIPlugin:80 - create IPUIPlugin
2025-09-14 15:11:34,495 [INFO] IPUIPlugin:80 - create IPUIPlugin
2025-09-14 15:11:34,495 [INFO] IPUIPlugin:80 - create IPUIPlugin
2025-09-14 15:11:34,495 [INFO] IPUIPlugin:80 - create IPUIPlugin
2025-09-14 15:11:34,495 [INFO] IPUIPlugin:80 - create IPUIPlugin
2025-09-14 15:11:34,495 [INFO] IPUIPlugin:80 - create IPUIPlugin
2025-09-14 15:11:34,495 [INFO] IPUIPlugin:80 - create IPUIPlugin
2025-09-14 15:11:34,495 [INFO] IPUIPlugin:80 - create IPUIPlugin
2025-09-14 15:11:34,495 [INFO] IPUIPlugin:80 - create IPUIPlugin
2025-09-14 15:11:34,495 [INFO] IPUIPlugin:80 - create IPUIPlugin
2025-09-14 15:11:34,495 [INFO] IPUIPlugin:80 - create IPUIPlugin
2025-09-14 15:11:34,498 [INFO] IPUIPlugin:80 - create IPUIPlugin
2025-09-14 15:11:34,498 [INFO] IPUIPlugin:80 - create IPUIPlugin
2025-09-14 15:11:34,498 [INFO] IPUIPlugin:80 - create IPUIPlugin
2025-09-14 15:11:34,498 [INFO] IPUIPlugin:80 - create IPUIPlugin
2025-09-14 15:11:34,498 [INFO] IPUIPlugin:80 - create IPUIPlugin
2025-09-14 15:11:34,498 [INFO] IPUIPlugin:80 - create IPUIPlugin
2025-09-14 15:11:34,499 [INFO] IPUIPlugin:80 - create IPUIPlugin
2025-09-14 15:11:34,499 [INFO] IPUIPlugin:80 - create IPUIPlugin
2025-09-14 15:11:34,499 [INFO] IPUIPlugin:80 - create IPUIPlugin
2025-09-14 15:11:34,499 [INFO] IPUIPlugin:80 - create IPUIPlugin
2025-09-14 15:11:34,499 [INFO] IPUIPlugin:80 - create IPUIPlugin
2025-09-14 15:11:34,499 [INFO] IPUIPlugin:80 - create IPUIPlugin
2025-09-14 15:11:34,499 [INFO] IPUIPlugin:80 - create IPUIPlugin
2025-09-14 15:11:34,499 [INFO] IPUIPlugin:80 - create IPUIPlugin
2025-09-14 15:11:34,499 [INFO] IPUIPlugin:80 - create IPUIPlugin
2025-09-14 15:11:34,499 [INFO] IPUIPlugin:80 - create IPUIPlugin
2025-09-14 15:11:34,500 [INFO] IPUIPlugin:80 - create IPUIPlugin
2025-09-14 15:11:34,501 [INFO] IPUIPlugin:80 - create IPUIPlugin
2025-09-14 15:11:34,501 [INFO] IPUIPlugin:80 - create IPUIPlugin
2025-09-14 15:11:34,502 [INFO] IPUIPlugin:80 - create IPUIPlugin
2025-09-14 15:11:34,502 [INFO] IPUIPlugin:80 - create IPUIPlugin
2025-09-14 15:11:34,502 [INFO] IPUIPlugin:80 - create IPUIPlugin
2025-09-14 15:11:34,502 [INFO] IPUIPlugin:80 - create IPUIPlugin
2025-09-14 15:11:34,502 [INFO] IPUIPlugin:80 - create IPUIPlugin
2025-09-14 15:11:34,502 [INFO] IPUIPlugin:80 - create IPUIPlugin
2025-09-14 15:11:34,502 [INFO] IPUIPlugin:80 - create IPUIPlugin
2025-09-14 15:11:34,502 [INFO] IPUIPlugin:80 - create IPUIPlugin
2025-09-14 15:11:34,502 [INFO] IPUIPlugin:80 - create IPUIPlugin
2025-09-14 15:11:34,502 [INFO] IPUIPlugin:80 - create IPUIPlugin
2025-09-14 15:11:34,507 [INFO] IPUIPlugin:80 - create IPUIPlugin
2025-09-14 15:11:34,507 [INFO] IPUIPlugin:80 - create IPUIPlugin
2025-09-14 15:11:34,508 [INFO] IPUIPlugin:80 - create IPUIPlugin
2025-09-14 15:11:34,508 [INFO] IPUIPlugin:80 - create IPUIPlugin
2025-09-14 15:11:34,508 [INFO] IPUIPlugin:80 - create IPUIPlugin
2025-09-14 15:11:34,508 [INFO] IPUIPlugin:80 - create IPUIPlugin
2025-09-14 15:11:34,508 [INFO] IPUIPlugin:80 - create IPUIPlugin
2025-09-14 15:11:34,508 [INFO] IPUIPlugin:80 - create IPUIPlugin
2025-09-14 15:11:34,508 [INFO] IPUIPlugin:80 - create IPUIPlugin
2025-09-14 15:11:34,508 [INFO] IPUIPlugin:80 - create IPUIPlugin
2025-09-14 15:11:34,508 [INFO] IPUIPlugin:80 - create IPUIPlugin
2025-09-14 15:11:34,508 [INFO] IPUIPlugin:80 - create IPUIPlugin
2025-09-14 15:11:34,508 [INFO] IPUIPlugin:80 - create IPUIPlugin
2025-09-14 15:11:34,509 [INFO] IPUIPlugin:80 - create IPUIPlugin
2025-09-14 15:11:34,509 [INFO] IPUIPlugin:80 - create IPUIPlugin
2025-09-14 15:11:34,509 [INFO] IPUIPlugin:80 - create IPUIPlugin
2025-09-14 15:11:34,509 [INFO] IPUIPlugin:80 - create IPUIPlugin
2025-09-14 15:11:34,509 [INFO] IPUIPlugin:80 - create IPUIPlugin
2025-09-14 15:11:34,509 [INFO] IPUIPlugin:80 - create IPUIPlugin
2025-09-14 15:11:34,509 [INFO] IPUIPlugin:80 - create IPUIPlugin
2025-09-14 15:11:34,510 [INFO] IPUIPlugin:80 - create IPUIPlugin
2025-09-14 15:11:34,510 [INFO] IPUIPlugin:80 - create IPUIPlugin
2025-09-14 15:11:34,851 [INFO] CADModel:165 - CPN selected for project levelSTM32L552ZET6Q
2025-09-14 15:11:34,851 [INFO] CADModel:114 - Register for checkConnection events
2025-09-14 15:11:34,904 [INFO] OpenFileManager:328 - Restore cursor
2025-09-14 15:11:35,201 [WARN] IP:2114 - rtcSecureFull not found: check if there is a RefParameter without a condition.
2025-09-14 15:11:35,203 [WARN] IP:2114 - rtcNonSecureFeatures not found: check if there is a RefParameter without a condition.
2025-09-14 15:11:35,203 [WARN] IP:2114 - RTC_NONSECURE_FEATURE_NONE not found: check if there is a RefParameter without a condition.
2025-09-14 15:11:35,203 [WARN] IP:2114 - RTC_NONSECURE_FEATURE_INIT not found: check if there is a RefParameter without a condition.
2025-09-14 15:11:35,203 [WARN] IP:2114 - RTC_NONSECURE_FEATURE_ALRA not found: check if there is a RefParameter without a condition.
2025-09-14 15:11:35,203 [WARN] IP:2114 - RTC_NONSECURE_FEATURE_ALRB not found: check if there is a RefParameter without a condition.
2025-09-14 15:11:35,203 [WARN] IP:2114 - RTC_NONSECURE_FEATURE_TS not found: check if there is a RefParameter without a condition.
2025-09-14 15:11:35,203 [WARN] IP:2114 - RTC_NONSECURE_FEATURE_CAL not found: check if there is a RefParameter without a condition.
2025-09-14 15:11:35,203 [WARN] IP:2114 - RTC_NONSECURE_FEATURE_WUT not found: check if there is a RefParameter without a condition.
2025-09-14 15:11:35,203 [WARN] IP:2114 - Sec_BKP_Registers1 not found: check if there is a RefParameter without a condition.
2025-09-14 15:11:35,203 [WARN] IP:2114 - backupRegisterStartZone2_gS not found: check if there is a RefParameter without a condition.
2025-09-14 15:11:35,203 [WARN] IP:2114 - backupRegisterStartZone3_gS not found: check if there is a RefParameter without a condition.
2025-09-14 15:11:35,203 [WARN] IP:2114 - rtcSecureFull not found: check if there is a RefParameter without a condition.
2025-09-14 15:11:35,203 [WARN] IP:2114 - rtcNonSecureFeatures not found: check if there is a RefParameter without a condition.
2025-09-14 15:11:35,203 [WARN] IP:2114 - RTC_NONSECURE_FEATURE_NONE not found: check if there is a RefParameter without a condition.
2025-09-14 15:11:35,203 [WARN] IP:2114 - RTC_NONSECURE_FEATURE_INIT not found: check if there is a RefParameter without a condition.
2025-09-14 15:11:35,203 [WARN] IP:2114 - RTC_NONSECURE_FEATURE_ALRA not found: check if there is a RefParameter without a condition.
2025-09-14 15:11:35,203 [WARN] IP:2114 - RTC_NONSECURE_FEATURE_ALRB not found: check if there is a RefParameter without a condition.
2025-09-14 15:11:35,204 [WARN] IP:2114 - RTC_NONSECURE_FEATURE_TS not found: check if there is a RefParameter without a condition.
2025-09-14 15:11:35,204 [WARN] IP:2114 - RTC_NONSECURE_FEATURE_CAL not found: check if there is a RefParameter without a condition.
2025-09-14 15:11:35,204 [WARN] IP:2114 - RTC_NONSECURE_FEATURE_WUT not found: check if there is a RefParameter without a condition.
2025-09-14 15:11:35,204 [WARN] IP:2114 - Sec_BKP_Registers1 not found: check if there is a RefParameter without a condition.
2025-09-14 15:11:35,204 [WARN] IP:2114 - backupRegisterStartZone2_gS not found: check if there is a RefParameter without a condition.
2025-09-14 15:11:35,204 [WARN] IP:2114 - backupRegisterStartZone3_gS not found: check if there is a RefParameter without a condition.
2025-09-14 15:11:35,925 [INFO] UtilMem:75 - End SaveConfig() Used Memory: 986421288 Bytes (1073741824)
2025-09-14 15:11:37,104 [INFO] ServerAccessManage:473 - Download File stm32cube_fw_l5_v150.zip
2025-09-14 15:12:47,900 [INFO] AnalyticsPlugin:368 - Accepted License(s): [FW.L5.1.5.0]
2025-09-14 15:12:47,905 [INFO] FileExtend:240 - Unzip File : stm32cube_fw_l5_v150.zip
2025-09-14 15:12:47,907 [INFO] FileExtend:255 - Standard Zip Deflate
2025-09-14 15:12:52,074 [INFO] ServerAccessManage:473 - Download File stm32cube_fw_l5_v151.zip
2025-09-14 15:13:08,667 [INFO] FileExtend:240 - Unzip File : stm32cube_fw_l5_v151.zip
2025-09-14 15:13:08,670 [INFO] FileExtend:255 - Standard Zip Deflate
2025-09-14 15:13:10,836 [INFO] LoadServerPackagesThread:196 - End of LoadServerPackages Thread
2025-09-14 15:13:11,055 [INFO] ThirdPartyModel:298 - Start build external matchings
2025-09-14 15:13:11,243 [INFO] ThirdPartyModel:316 - End build external matchings
2025-09-14 15:13:11,248 [INFO] CheckServerUpdateThread:120 - End of CheckServer Thread
2025-09-14 15:13:23,814 [INFO] McuFinderGlobals:76 - Set McuFinderConnectedMode to true
2025-09-14 15:13:23,823 [INFO] ApiDb:448 - Save user favorites file /Users/samuel.meysembourg/.stm32cubeide/favorites.mcus.txt: 0 item(s)
2025-09-14 15:13:23,824 [INFO] ApiDb:452 - User favorites MCUs=[]
2025-09-14 15:13:23,829 [INFO] ApiDb:448 - Save user favorites file /Users/samuel.meysembourg/.stm32cubeide/favorites.boards.txt: 0 item(s)
2025-09-14 15:13:23,830 [INFO] ApiDb:452 - User favorites Boards=[]
2025-09-14 15:13:48,103 [WARN] IP:2114 - rtcSecureFull not found: check if there is a RefParameter without a condition.
2025-09-14 15:13:48,104 [WARN] IP:2114 - rtcNonSecureFeatures not found: check if there is a RefParameter without a condition.
2025-09-14 15:13:48,104 [WARN] IP:2114 - RTC_NONSECURE_FEATURE_NONE not found: check if there is a RefParameter without a condition.
2025-09-14 15:13:48,104 [WARN] IP:2114 - RTC_NONSECURE_FEATURE_INIT not found: check if there is a RefParameter without a condition.
2025-09-14 15:13:48,104 [WARN] IP:2114 - RTC_NONSECURE_FEATURE_ALRA not found: check if there is a RefParameter without a condition.
2025-09-14 15:13:48,104 [WARN] IP:2114 - RTC_NONSECURE_FEATURE_ALRB not found: check if there is a RefParameter without a condition.
2025-09-14 15:13:48,104 [WARN] IP:2114 - RTC_NONSECURE_FEATURE_TS not found: check if there is a RefParameter without a condition.
2025-09-14 15:13:48,104 [WARN] IP:2114 - RTC_NONSECURE_FEATURE_CAL not found: check if there is a RefParameter without a condition.
2025-09-14 15:13:48,104 [WARN] IP:2114 - RTC_NONSECURE_FEATURE_WUT not found: check if there is a RefParameter without a condition.
2025-09-14 15:13:48,104 [WARN] IP:2114 - Sec_BKP_Registers1 not found: check if there is a RefParameter without a condition.
2025-09-14 15:13:48,104 [WARN] IP:2114 - backupRegisterStartZone2_gS not found: check if there is a RefParameter without a condition.
2025-09-14 15:13:48,105 [WARN] IP:2114 - backupRegisterStartZone3_gS not found: check if there is a RefParameter without a condition.
2025-09-14 15:13:48,105 [WARN] IP:2114 - rtcSecureFull not found: check if there is a RefParameter without a condition.
2025-09-14 15:13:48,105 [WARN] IP:2114 - rtcNonSecureFeatures not found: check if there is a RefParameter without a condition.
2025-09-14 15:13:48,105 [WARN] IP:2114 - RTC_NONSECURE_FEATURE_NONE not found: check if there is a RefParameter without a condition.
2025-09-14 15:13:48,105 [WARN] IP:2114 - RTC_NONSECURE_FEATURE_INIT not found: check if there is a RefParameter without a condition.
2025-09-14 15:13:48,105 [WARN] IP:2114 - RTC_NONSECURE_FEATURE_ALRA not found: check if there is a RefParameter without a condition.
2025-09-14 15:13:48,105 [WARN] IP:2114 - RTC_NONSECURE_FEATURE_ALRB not found: check if there is a RefParameter without a condition.
2025-09-14 15:13:48,105 [WARN] IP:2114 - RTC_NONSECURE_FEATURE_TS not found: check if there is a RefParameter without a condition.
2025-09-14 15:13:48,105 [WARN] IP:2114 - RTC_NONSECURE_FEATURE_CAL not found: check if there is a RefParameter without a condition.
2025-09-14 15:13:48,105 [WARN] IP:2114 - RTC_NONSECURE_FEATURE_WUT not found: check if there is a RefParameter without a condition.
2025-09-14 15:13:48,105 [WARN] IP:2114 - Sec_BKP_Registers1 not found: check if there is a RefParameter without a condition.
2025-09-14 15:13:48,105 [WARN] IP:2114 - backupRegisterStartZone2_gS not found: check if there is a RefParameter without a condition.
2025-09-14 15:13:48,105 [WARN] IP:2114 - backupRegisterStartZone3_gS not found: check if there is a RefParameter without a condition.
2025-09-14 15:13:50,533 [INFO] NvicIntPanel:101 - NVIC parent = com.st.microxplorer.plugins.ip.nvic.MultiNvicIntPanel[,0,0,450x409,layout=javax.swing.BoxLayout,alignmentX=0.0,alignmentY=0.0,border=,flags=9,maximumSize=,minimumSize=,preferredSize=]
2025-09-14 15:13:51,987 [INFO] NvicIntPanel:101 - NVIC parent = com.st.microxplorer.plugins.ip.nvic.MultiNvicIntPanel[,0,0,0x0,invalid,layout=javax.swing.BoxLayout,alignmentX=0.0,alignmentY=0.0,border=,flags=9,maximumSize=,minimumSize=,preferredSize=]
2025-09-14 15:15:33,587 [WARN] IP:2114 - rtcSecureFull not found: check if there is a RefParameter without a condition.
2025-09-14 15:15:33,589 [WARN] IP:2114 - rtcNonSecureFeatures not found: check if there is a RefParameter without a condition.
2025-09-14 15:15:33,589 [WARN] IP:2114 - RTC_NONSECURE_FEATURE_NONE not found: check if there is a RefParameter without a condition.
2025-09-14 15:15:33,589 [WARN] IP:2114 - RTC_NONSECURE_FEATURE_INIT not found: check if there is a RefParameter without a condition.
2025-09-14 15:15:33,589 [WARN] IP:2114 - RTC_NONSECURE_FEATURE_ALRA not found: check if there is a RefParameter without a condition.
2025-09-14 15:15:33,589 [WARN] IP:2114 - RTC_NONSECURE_FEATURE_ALRB not found: check if there is a RefParameter without a condition.
2025-09-14 15:15:33,589 [WARN] IP:2114 - RTC_NONSECURE_FEATURE_TS not found: check if there is a RefParameter without a condition.
2025-09-14 15:15:33,589 [WARN] IP:2114 - RTC_NONSECURE_FEATURE_CAL not found: check if there is a RefParameter without a condition.
2025-09-14 15:15:33,589 [WARN] IP:2114 - RTC_NONSECURE_FEATURE_WUT not found: check if there is a RefParameter without a condition.
2025-09-14 15:15:33,589 [WARN] IP:2114 - Sec_BKP_Registers1 not found: check if there is a RefParameter without a condition.
2025-09-14 15:15:33,589 [WARN] IP:2114 - backupRegisterStartZone2_gS not found: check if there is a RefParameter without a condition.
2025-09-14 15:15:33,589 [WARN] IP:2114 - backupRegisterStartZone3_gS not found: check if there is a RefParameter without a condition.
2025-09-14 15:15:33,590 [WARN] IP:2114 - rtcSecureFull not found: check if there is a RefParameter without a condition.
2025-09-14 15:15:33,590 [WARN] IP:2114 - rtcNonSecureFeatures not found: check if there is a RefParameter without a condition.
2025-09-14 15:15:33,590 [WARN] IP:2114 - RTC_NONSECURE_FEATURE_NONE not found: check if there is a RefParameter without a condition.
2025-09-14 15:15:33,590 [WARN] IP:2114 - RTC_NONSECURE_FEATURE_INIT not found: check if there is a RefParameter without a condition.
2025-09-14 15:15:33,590 [WARN] IP:2114 - RTC_NONSECURE_FEATURE_ALRA not found: check if there is a RefParameter without a condition.
2025-09-14 15:15:33,590 [WARN] IP:2114 - RTC_NONSECURE_FEATURE_ALRB not found: check if there is a RefParameter without a condition.
2025-09-14 15:15:33,590 [WARN] IP:2114 - RTC_NONSECURE_FEATURE_TS not found: check if there is a RefParameter without a condition.
2025-09-14 15:15:33,590 [WARN] IP:2114 - RTC_NONSECURE_FEATURE_CAL not found: check if there is a RefParameter without a condition.
2025-09-14 15:15:33,590 [WARN] IP:2114 - RTC_NONSECURE_FEATURE_WUT not found: check if there is a RefParameter without a condition.
2025-09-14 15:15:33,590 [WARN] IP:2114 - Sec_BKP_Registers1 not found: check if there is a RefParameter without a condition.
2025-09-14 15:15:33,590 [WARN] IP:2114 - backupRegisterStartZone2_gS not found: check if there is a RefParameter without a condition.
2025-09-14 15:15:33,590 [WARN] IP:2114 - backupRegisterStartZone3_gS not found: check if there is a RefParameter without a condition.
2025-09-14 15:15:41,254 [WARN] IP:2114 - rtcSecureFull not found: check if there is a RefParameter without a condition.
2025-09-14 15:15:41,256 [WARN] IP:2114 - rtcNonSecureFeatures not found: check if there is a RefParameter without a condition.
2025-09-14 15:15:41,256 [WARN] IP:2114 - RTC_NONSECURE_FEATURE_NONE not found: check if there is a RefParameter without a condition.
2025-09-14 15:15:41,256 [WARN] IP:2114 - RTC_NONSECURE_FEATURE_INIT not found: check if there is a RefParameter without a condition.
2025-09-14 15:15:41,256 [WARN] IP:2114 - RTC_NONSECURE_FEATURE_ALRA not found: check if there is a RefParameter without a condition.
2025-09-14 15:15:41,256 [WARN] IP:2114 - RTC_NONSECURE_FEATURE_ALRB not found: check if there is a RefParameter without a condition.
2025-09-14 15:15:41,256 [WARN] IP:2114 - RTC_NONSECURE_FEATURE_TS not found: check if there is a RefParameter without a condition.
2025-09-14 15:15:41,256 [WARN] IP:2114 - RTC_NONSECURE_FEATURE_CAL not found: check if there is a RefParameter without a condition.
2025-09-14 15:15:41,256 [WARN] IP:2114 - RTC_NONSECURE_FEATURE_WUT not found: check if there is a RefParameter without a condition.
2025-09-14 15:15:41,256 [WARN] IP:2114 - Sec_BKP_Registers1 not found: check if there is a RefParameter without a condition.
2025-09-14 15:15:41,256 [WARN] IP:2114 - backupRegisterStartZone2_gS not found: check if there is a RefParameter without a condition.
2025-09-14 15:15:41,256 [WARN] IP:2114 - backupRegisterStartZone3_gS not found: check if there is a RefParameter without a condition.
2025-09-14 15:15:41,256 [WARN] IP:2114 - rtcSecureFull not found: check if there is a RefParameter without a condition.
2025-09-14 15:15:41,256 [WARN] IP:2114 - rtcNonSecureFeatures not found: check if there is a RefParameter without a condition.
2025-09-14 15:15:41,256 [WARN] IP:2114 - RTC_NONSECURE_FEATURE_NONE not found: check if there is a RefParameter without a condition.
2025-09-14 15:15:41,256 [WARN] IP:2114 - RTC_NONSECURE_FEATURE_INIT not found: check if there is a RefParameter without a condition.
2025-09-14 15:15:41,256 [WARN] IP:2114 - RTC_NONSECURE_FEATURE_ALRA not found: check if there is a RefParameter without a condition.
2025-09-14 15:15:41,256 [WARN] IP:2114 - RTC_NONSECURE_FEATURE_ALRB not found: check if there is a RefParameter without a condition.
2025-09-14 15:15:41,256 [WARN] IP:2114 - RTC_NONSECURE_FEATURE_TS not found: check if there is a RefParameter without a condition.
2025-09-14 15:15:41,256 [WARN] IP:2114 - RTC_NONSECURE_FEATURE_CAL not found: check if there is a RefParameter without a condition.
2025-09-14 15:15:41,256 [WARN] IP:2114 - RTC_NONSECURE_FEATURE_WUT not found: check if there is a RefParameter without a condition.
2025-09-14 15:15:41,256 [WARN] IP:2114 - Sec_BKP_Registers1 not found: check if there is a RefParameter without a condition.
2025-09-14 15:15:41,256 [WARN] IP:2114 - backupRegisterStartZone2_gS not found: check if there is a RefParameter without a condition.
2025-09-14 15:15:41,256 [WARN] IP:2114 - backupRegisterStartZone3_gS not found: check if there is a RefParameter without a condition.
2025-09-14 15:15:57,977 [INFO] UtilMem:75 - End SaveConfig() Used Memory: 819191776 Bytes (1073741824)
2025-09-14 15:16:01,748 [INFO] UtilMem:75 - End SaveConfig() Used Memory: 939879112 Bytes (1073741824)
2025-09-14 15:16:05,394 [INFO] UtilMem:75 - End SaveConfig() Used Memory: 685153208 Bytes (1073741824)
2025-09-14 15:16:05,906 [INFO] BlockDiagram:2759 - set Specific Code input for plugin: UCPD
2025-09-14 15:16:05,908 [INFO] BlockDiagram:2759 - set Specific Code input for plugin: PWR
2025-09-14 15:16:05,908 [INFO] BlockDiagram:2759 - set Specific Code input for plugin: SYS
2025-09-14 15:16:05,908 [INFO] BlockDiagram:2759 - set Specific Code input for plugin: ADC
2025-09-14 15:16:05,908 [INFO] BlockDiagram:2759 - set Specific Code input for plugin: RCC
2025-09-14 15:16:05,908 [INFO] BlockDiagram:2759 - set Specific Code input for plugin: LPUART
2025-09-14 15:16:05,908 [INFO] BlockDiagram:2759 - set Specific Code input for plugin: RTC
2025-09-14 15:16:05,908 [INFO] BlockDiagram:2759 - set Specific Code input for plugin: NVIC
2025-09-14 15:16:05,908 [INFO] BlockDiagram:2759 - set Specific Code input for plugin: USART
2025-09-14 15:16:05,908 [INFO] BlockDiagram:2759 - set Specific Code input for plugin: ICACHE
2025-09-14 15:16:05,908 [INFO] BlockDiagram:2759 - set Specific Code input for plugin: USB
2025-09-14 15:16:05,908 [INFO] BlockDiagram:2759 - set Specific Code input for plugin: DEBUG
2025-09-14 15:16:05,908 [INFO] BlockDiagram:2759 - set Specific Code input for plugin: GPIO
2025-09-14 15:16:05,909 [INFO] CodeGenerator:799 - code generatio: config db path: /Applications/STM32CubeIDE.app/Contents/Eclipse/plugins/com.st.stm32cube.common.mx_6.9.1.202307191849//db/
2025-09-14 15:16:05,936 [WARN] IP:2114 - rtcSecureFull not found: check if there is a RefParameter without a condition.
2025-09-14 15:16:05,937 [WARN] IP:2114 - rtcNonSecureFeatures not found: check if there is a RefParameter without a condition.
2025-09-14 15:16:05,937 [WARN] IP:2114 - RTC_NONSECURE_FEATURE_NONE not found: check if there is a RefParameter without a condition.
2025-09-14 15:16:05,937 [WARN] IP:2114 - RTC_NONSECURE_FEATURE_INIT not found: check if there is a RefParameter without a condition.
2025-09-14 15:16:05,937 [WARN] IP:2114 - RTC_NONSECURE_FEATURE_ALRA not found: check if there is a RefParameter without a condition.
2025-09-14 15:16:05,937 [WARN] IP:2114 - RTC_NONSECURE_FEATURE_ALRB not found: check if there is a RefParameter without a condition.
2025-09-14 15:16:05,937 [WARN] IP:2114 - RTC_NONSECURE_FEATURE_TS not found: check if there is a RefParameter without a condition.
2025-09-14 15:16:05,937 [WARN] IP:2114 - RTC_NONSECURE_FEATURE_CAL not found: check if there is a RefParameter without a condition.
2025-09-14 15:16:05,937 [WARN] IP:2114 - RTC_NONSECURE_FEATURE_WUT not found: check if there is a RefParameter without a condition.
2025-09-14 15:16:05,937 [WARN] IP:2114 - Sec_BKP_Registers1 not found: check if there is a RefParameter without a condition.
2025-09-14 15:16:05,937 [WARN] IP:2114 - backupRegisterStartZone2_gS not found: check if there is a RefParameter without a condition.
2025-09-14 15:16:05,937 [WARN] IP:2114 - backupRegisterStartZone3_gS not found: check if there is a RefParameter without a condition.
2025-09-14 15:16:06,162 [INFO] CodeEngine:255 - oldGeneratedFile, /Users/samuel.meysembourg/Embedded_Systems/Lab_Two_UART/MXTmpFiles/license.tmp_save
2025-09-14 15:16:06,529 [INFO] CodeEngine:279 - Generated code: /Users/samuel.meysembourg/Embedded_Systems/Lab_Two_UART/MXTmpFiles/license.tmp
2025-09-14 15:16:06,702 [INFO] CodeEngine:255 - oldGeneratedFile, /Users/samuel.meysembourg/Embedded_Systems/Lab_Two_UART/MXTmpFiles/gpio.tmp_save
2025-09-14 15:16:06,892 [INFO] CodeEngine:279 - Generated code: /Users/samuel.meysembourg/Embedded_Systems/Lab_Two_UART/MXTmpFiles/gpio.tmp
2025-09-14 15:16:07,113 [WARN] IPConfigManager:99 - WARNING: Missing Config File for DEBUG ip!!
2025-09-14 15:16:07,695 [INFO] CodeEngine:255 - oldGeneratedFile, /Users/samuel.meysembourg/Embedded_Systems/Lab_Two_UART/Core/Src/stm32l5xx_it.c_save
2025-09-14 15:16:07,849 [INFO] CodeEngine:279 - Generated code: /Users/samuel.meysembourg/Embedded_Systems/Lab_Two_UART/Core/Src/stm32l5xx_it.c
2025-09-14 15:16:07,851 [INFO] CodeEngine:255 - oldGeneratedFile, /Users/samuel.meysembourg/Embedded_Systems/Lab_Two_UART/Core/Inc/stm32l5xx_it.h_save
2025-09-14 15:16:07,888 [INFO] CodeEngine:279 - Generated code: /Users/samuel.meysembourg/Embedded_Systems/Lab_Two_UART/Core/Inc/stm32l5xx_it.h
2025-09-14 15:16:07,952 [INFO] CodeEngine:255 - oldGeneratedFile, /Users/samuel.meysembourg/Embedded_Systems/Lab_Two_UART/Core/Src/stm32l5xx_hal_msp.c_save
2025-09-14 15:16:08,073 [INFO] CodeEngine:279 - Generated code: /Users/samuel.meysembourg/Embedded_Systems/Lab_Two_UART/Core/Src/stm32l5xx_hal_msp.c
2025-09-14 15:16:08,074 [INFO] CodeEngine:255 - oldGeneratedFile, /Users/samuel.meysembourg/Embedded_Systems/Lab_Two_UART/MXTmpFiles/system.tmp_save
2025-09-14 15:16:08,116 [INFO] CodeEngine:279 - Generated code: /Users/samuel.meysembourg/Embedded_Systems/Lab_Two_UART/MXTmpFiles/system.tmp
2025-09-14 15:16:08,117 [INFO] CodeEngine:255 - oldGeneratedFile, /Users/samuel.meysembourg/Embedded_Systems/Lab_Two_UART/Core/Inc/stm32_assert.h_save
2025-09-14 15:16:08,160 [INFO] CodeEngine:279 - Generated code: /Users/samuel.meysembourg/Embedded_Systems/Lab_Two_UART/Core/Inc/stm32_assert.h
2025-09-14 15:16:08,163 [INFO] CodeEngine:311 - oldGeneratedFile, /Users/samuel.meysembourg/Embedded_Systems/Lab_Two_UART/Core/Inc/stm32l5xx_hal_conf.h_save
2025-09-14 15:16:08,224 [INFO] CodeEngine:335 - Generated code: /Users/samuel.meysembourg/Embedded_Systems/Lab_Two_UART/Core/Inc/stm32l5xx_hal_conf.h
2025-09-14 15:16:08,281 [INFO] CodeEngine:255 - oldGeneratedFile, /Users/samuel.meysembourg/Embedded_Systems/Lab_Two_UART/Core/Inc/main.h_save
2025-09-14 15:16:08,362 [INFO] CodeEngine:279 - Generated code: /Users/samuel.meysembourg/Embedded_Systems/Lab_Two_UART/Core/Inc/main.h
2025-09-14 15:16:08,363 [INFO] CodeEngine:255 - oldGeneratedFile, /Users/samuel.meysembourg/Embedded_Systems/Lab_Two_UART/Core/Src/main.c_save
2025-09-14 15:16:08,527 [INFO] CodeEngine:279 - Generated code: /Users/samuel.meysembourg/Embedded_Systems/Lab_Two_UART/Core/Src/main.c
2025-09-14 15:16:08,921 [INFO] ProjectBuilder:3064 - Time for Copy HAL[1] : 48mS.
2025-09-14 15:16:08,938 [INFO] ProjectBuilder:4404 - Project Generator version: 4.1.0
2025-09-14 15:16:09,196 [INFO] ConfigFileManager:1457 - The Die is : DIE472
2025-09-14 15:16:09,213 [INFO] ApiDbMcu:507 - Load IP Config File for FATFS
2025-09-14 15:16:09,219 [INFO] ApiDbMcu:507 - Load IP Config File for FREERTOS
2025-09-14 15:16:09,227 [INFO] ApiDbMcu:507 - Load IP Config File for MBEDTLS
2025-09-14 15:16:09,243 [INFO] ApiDbMcu:507 - Load IP Config File for TOUCHSENSING
2025-09-14 15:16:09,249 [INFO] ApiDbMcu:507 - Load IP Config File for USBPD
2025-09-14 15:16:09,258 [INFO] ApiDbMcu:507 - Load IP Config File for USB_Device
2025-09-14 15:16:10,105 [INFO] LogOutputStream:77 - [STDOUT_REDIRECT] 
2025-09-14 15:16:12,419 [INFO] ProjectBuilder:4626 - Time for Generating toolchain IDE Files: 3467mS.
2025-09-14 15:16:12,427 [INFO] ProjectBuilder:2935 - Time for Copy CMSIS : 2mS.
2025-09-14 15:16:12,429 [INFO] ProjectBuilder:2935 - Time for Copy CMSIS : 0mS.
